Component: ARM Compiler 5.06 update 4 (build 422) Tool: armlink [4d35d2]

==============================================================================

Section Cross References

    main.o(i.HAL_GetTick) refers to rt_time.o(.data) for os_time
    main.o(i.TCBEntry) refers to main.o(.data) for thread_count
    main.o(i.TCBEntry) refers to main.o(.bss) for TCB_task
    main.o(i.led_Thread1) refers to led_f4discovery.o(i.LED_On) for LED_On
    main.o(i.led_Thread1) refers to stm32f4xx_hal.o(i.HAL_Delay) for HAL_Delay
    main.o(i.led_Thread1) refers to led_f4discovery.o(i.LED_Off) for LED_Off
    main.o(i.led_Thread1) refers to rt_cmsis.o(i.osDelay) for osDelay
    main.o(i.led_Thread2) refers to led_f4discovery.o(i.LED_On) for LED_On
    main.o(i.led_Thread2) refers to stm32f4xx_hal.o(i.HAL_Delay) for HAL_Delay
    main.o(i.led_Thread2) refers to led_f4discovery.o(i.LED_Off) for LED_Off
    main.o(i.led_Thread2) refers to rt_cmsis.o(i.osDelay) for osDelay
    main.o(i.main) refers to rt_cmsis.o(i.osKernelInitialize) for osKernelInitialize
    main.o(i.main) refers to led_f4discovery.o(i.LED_Initialize) for LED_Initialize
    main.o(i.main) refers to main.o(i.osprThreadCreate) for osprThreadCreate
    main.o(i.main) refers to main.o(i.osPeriodicStart) for osPeriodicStart
    main.o(i.main) refers to rt_cmsis.o(i.osKernelStart) for osKernelStart
    main.o(i.main) refers to main.o(.constdata) for os_prThread_def_led_Thread2
    main.o(i.main) refers to main.o(.data) for T_ledOff
    main.o(i.osPeriodicStart) refers to main.o(i.findlcm) for findlcm
    main.o(i.osPeriodicStart) refers to main.o(.bss) for TCB_task
    main.o(i.osPeriodicStart) refers to main.o(.data) for thread_count
    main.o(i.osprThreadCreate) refers to main.o(i.TCBEntry) for TCBEntry
    main.o(i.osprThreadCreate) refers to rt_cmsis.o(i.osThreadCreate) for osThreadCreate
    main.o(i.osprThreadCreate) refers to main.o(.data) for thread_count
    main.o(.constdata) refers to main.o(i.led_Thread1) for led_Thread1
    main.o(.constdata) refers to main.o(i.led_Thread2) for led_Thread2
    led_f4discovery.o(i.LED_Initialize) refers to stm32f4xx_hal_gpio.o(i.HAL_GPIO_Init) for HAL_GPIO_Init
    led_f4discovery.o(i.LED_Off) refers to stm32f4xx_hal_gpio.o(i.HAL_GPIO_WritePin) for HAL_GPIO_WritePin
    led_f4discovery.o(i.LED_Off) refers to led_f4discovery.o(.constdata) for LED_PIN
    led_f4discovery.o(i.LED_On) refers to stm32f4xx_hal_gpio.o(i.HAL_GPIO_WritePin) for HAL_GPIO_WritePin
    led_f4discovery.o(i.LED_On) refers to led_f4discovery.o(.constdata) for LED_PIN
    led_f4discovery.o(i.LED_SetOut) refers to led_f4discovery.o(i.LED_On) for LED_On
    led_f4discovery.o(i.LED_SetOut) refers to led_f4discovery.o(i.LED_Off) for LED_Off
    led_f4discovery.o(i.LED_Uninitialize) refers to stm32f4xx_hal_gpio.o(i.HAL_GPIO_DeInit) for HAL_GPIO_DeInit
    rtx_conf_cm.o(.emb_text) refers to rt_cmsis.o(i.osKernelInitialize) for osKernelInitialize
    rtx_conf_cm.o(.emb_text) refers to rt_cmsis.o(i.osThreadCreate) for osThreadCreate
    rtx_conf_cm.o(.emb_text) refers to rt_cmsis.o(i.osKernelStart) for osKernelStart
    rtx_conf_cm.o(.emb_text) refers to exit.o(.text) for exit
    rtx_conf_cm.o(.emb_text) refers to rtx_conf_cm.o(.constdata) for os_thread_def_main
    rtx_conf_cm.o(i.__user_perthread_libspace) refers to rt_task.o(i.rt_tsk_self) for rt_tsk_self
    rtx_conf_cm.o(i.__user_perthread_libspace) refers to rt_cmsis.o(.data) for os_running
    rtx_conf_cm.o(i.__user_perthread_libspace) refers to rtx_conf_cm.o(.bss) for .bss
    rtx_conf_cm.o(i.__user_perthread_libspace) refers to libspace.o(.bss) for __libspace_start
    rtx_conf_cm.o(i._mutex_acquire) refers to rt_cmsis.o(.data) for os_running
    rtx_conf_cm.o(i._mutex_acquire) refers to rt_mutex.o(i.rt_mut_wait) for rt_mut_wait
    rtx_conf_cm.o(i._mutex_initialize) refers to rt_mutex.o(i.rt_mut_init) for rt_mut_init
    rtx_conf_cm.o(i._mutex_initialize) refers to rtx_conf_cm.o(.data) for .data
    rtx_conf_cm.o(i._mutex_initialize) refers to rtx_conf_cm.o(.bss) for .bss
    rtx_conf_cm.o(i._mutex_release) refers to rt_cmsis.o(.data) for os_running
    rtx_conf_cm.o(i._mutex_release) refers to rt_mutex.o(i.rt_mut_release) for rt_mut_release
    rtx_conf_cm.o(.constdata) refers to rt_cmsis.o(i.osTimerThread) for osTimerThread
    rtx_conf_cm.o(.constdata) refers to rtx_conf_cm.o(.bss) for os_messageQ_q_osTimerMessageQ
    rtx_conf_cm.o(.constdata) refers to main.o(i.main) for main
    stm32f4xx_hal.o(i.HAL_DeInit) refers to stm32f4xx_hal.o(i.HAL_MspDeInit) for HAL_MspDeInit
    stm32f4xx_hal.o(i.HAL_Delay) refers to main.o(i.HAL_GetTick) for HAL_GetTick
    stm32f4xx_hal.o(i.HAL_GetTick) refers to stm32f4xx_hal.o(.data) for uwTick
    stm32f4xx_hal.o(i.HAL_IncTick) refers to stm32f4xx_hal.o(.data) for uwTick
[...]
    Removing rt_cmsis.o(i.osThreadGetPriority), (24 bytes).
    Removing rt_cmsis.o(i.osThreadSetPriority), (24 bytes).
    Removing rt_cmsis.o(i.osThreadTerminate), (24 bytes).
    Removing rt_cmsis.o(i.osThreadYield), (24 bytes).
    Removing rt_cmsis.o(i.osTimerCreate), (44 bytes).
    Removing rt_cmsis.o(i.osTimerDelete), (24 bytes).
    Removing rt_cmsis.o(i.osTimerStart), (24 bytes).
    Removing rt_cmsis.o(i.osTimerStop), (24 bytes).
    Removing rt_cmsis.o(i.osWait), (4 bytes).
    Removing rt_cmsis.o(i.os_resume), (12 bytes).
    Removing rt_cmsis.o(i.os_suspend), (12 bytes).
    Removing rt_cmsis.o(i.rt_clr_box), (24 bytes).
    Removing rt_cmsis.o(i.rt_timer_remove), (60 bytes).
    Removing rt_cmsis.o(i.svcKernelRunning), (12 bytes).
    Removing rt_cmsis.o(i.svcKernelSysTick), (56 bytes).
    Removing rt_cmsis.o(i.svcMailCreate), (66 bytes).
    Removing rt_cmsis.o(i.svcMessagePut), (54 bytes).
    Removing rt_cmsis.o(i.svcMutexCreate), (28 bytes).
    Removing rt_cmsis.o(i.svcMutexDelete), (26 bytes).
    Removing rt_cmsis.o(i.svcMutexRelease), (34 bytes).
    Removing rt_cmsis.o(i.svcMutexWait), (58 bytes).
    Removing rt_cmsis.o(i.svcPoolCreate), (40 bytes).
    Removing rt_cmsis.o(i.svcSemaphoreCreate), (36 bytes).
    Removing rt_cmsis.o(i.svcSemaphoreDelete), (26 bytes).
    Removing rt_cmsis.o(i.svcSemaphoreRelease), (40 bytes).
    Removing rt_cmsis.o(i.svcSemaphoreWait), (50 bytes).
    Removing rt_cmsis.o(i.svcSignalClear), (36 bytes).
    Removing rt_cmsis.o(i.svcSignalSet), (36 bytes).
    Removing rt_cmsis.o(i.svcSignalWait), (84 bytes).
    Removing rt_cmsis.o(i.svcThreadGetPriority), (18 bytes).
    Removing rt_cmsis.o(i.svcThreadSetPriority), (46 bytes).
    Removing rt_cmsis.o(i.svcThreadYield), (10 bytes).
    Removing rt_cmsis.o(i.svcTimerCreate), (56 bytes).
    Removing rt_cmsis.o(i.svcTimerDelete), (40 bytes).
    Removing rt_cmsis.o(i.svcTimerStart), (100 bytes).
    Removing rt_cmsis.o(i.svcTimerStop), (36 bytes).
    Removing rt_cmsis.o(i.sysMailAlloc), (88 bytes).
    Removing rt_cmsis.o(i.sysMailFree), (96 bytes).
    Removing rt_cmsis.o(i.sysPoolAlloc), (10 bytes).
    Removing rt_cmsis.o(i.sysPoolFree), (20 bytes).
    Removing rt_cmsis.o(i.sysUserTimerUpdate), (48 bytes).
    Removing rt_cmsis.o(i.sysUserTimerWakeupTime), (20 bytes).
    Removing rt_task.o(i.rt_tsk_pass), (48 bytes).
    Removing rt_time.o(i.rt_itv_set), (24 bytes).
    Removing rt_time.o(i.rt_itv_wait), (40 bytes).
    Removing rt_time.o(i.rt_time_get), (12 bytes).
    Removing rt_mutex.o(i.rt_mut_delete), (176 bytes).
    Removing rt_mutex.o(i.rt_mut_init), (16 bytes).
    Removing rt_system.o(.emb_text), (0 bytes).
    Removing rt_system.o(i.os_tick_ovf), (16 bytes).
    Removing rt_system.o(i.os_tick_val), (20 bytes).
    Removing rt_system.o(i.rt_resume), (136 bytes).
    Removing rt_system.o(i.rt_suspend), (36 bytes).
    Removing rt_system.o(i.rt_tsk_lock), (80 bytes).
    Removing rt_system.o(i.rt_tsk_unlock), (80 bytes).
    Removing rt_event.o(i.isr_evt_set), (40 bytes).
    Removing rt_event.o(i.rt_evt_clr), (28 bytes).
    Removing rt_event.o(i.rt_evt_get), (12 bytes).
    Removing rt_event.o(i.rt_evt_set), (92 bytes).
    Removing rt_event.o(i.rt_evt_wait), (60 bytes).
    Removing rt_list.o(i.rt_get_same_rdy_prio), (36 bytes).
    Removing rt_mailbox.o(i.rt_mbx_send), (152 bytes).
    Removing rt_semaphore.o(i.isr_sem_send), (16 bytes).
    Removing rt_semaphore.o(i.rt_sem_delete), (92 bytes).
    Removing rt_semaphore.o(i.rt_sem_init), (12 bytes).
    Removing rt_semaphore.o(i.rt_sem_send), (42 bytes).
    Removing rt_semaphore.o(i.rt_sem_wait), (64 bytes).
    Removing rt_membox.o(i._calloc_box), (30 bytes).
    Removing rt_robin.o(i.rt_chk_robin), (72 bytes).
    Removing rt_robin.o(i.rt_init_robin), (24 bytes).
    Removing rt_robin.o(.data), (8 bytes).

226 unused section(s) (total 10292 bytes) removed from the image.

==============================================================================

Image Symbol Table

    Local Symbols

    Symbol Name                              Value     Ov Type        Size  Object(Section)

    ../clib/angel/boardlib.s                 0x00000000   Number         0  boardinit2.o ABSOLUTE
    ../clib/angel/boardlib.s                 0x00000000   Number         0  boardinit1.o ABSOLUTE
    ../clib/angel/boardlib.s                 0x00000000   Number         0  boardshut.o ABSOLUTE
    ../clib/angel/handlers.s                 0x00000000   Number         0  __scatter_zi.o ABSOLUTE
    ../clib/angel/handlers.s                 0x00000000   Number         0  __scatter_copy.o ABSOLUTE
    ../clib/angel/kernel.s                   0x00000000   Number         0  __rtentry2.o ABSOLUTE
    ../clib/angel/kernel.s                   0x00000000   Number         0  rtexit2.o ABSOLUTE
    ../clib/angel/kernel.s                   0x00000000   Number         0  __rtentry.o ABSOLUTE
    ../clib/angel/kernel.s                   0x00000000   Number         0  __rtentry4.o ABSOLUTE
    ../clib/angel/kernel.s                   0x00000000   Number         0  rtexit.o ABSOLUTE
    ../clib/angel/rt.s                       0x00000000   Number         0  aeabi_ldiv0_sigfpe.o ABSOLUTE
    ../clib/angel/rt.s                       0x00000000   Number         0  aeabi_ldiv0.o ABSOLUTE
    ../clib/angel/rt.s                       0x00000000   Number         0  rt_raise.o ABSOLUTE
    ../clib/angel/rt.s                       0x00000000   Number         0  rt_div0.o ABSOLUTE
    ../clib/angel/scatter.s                  0x00000000   Number         0  __scatter.o ABSOLUTE
    ../clib/angel/startup.s                  0x00000000   Number         0  __main.o ABSOLUTE
    ../clib/angel/sys.s                      0x00000000   Number         0  use_no_semi.o ABSOLUTE
    ../clib/angel/sys.s                      0x00000000   Number         0  indicate_semi.o ABSOLUTE
    ../clib/angel/sys.s                      0x00000000   Number         0  sys_stackheap_outer.o ABSOLUTE
    ../clib/angel/sys.s                      0x00000000   Number         0  libspace.o ABSOLUTE
    ../clib/angel/sysapp.c                   0x00000000   Number         0  sys_wrch.o ABSOLUTE
    ../clib/angel/sysapp.c                   0x00000000   Number         0  sys_command.o ABSOLUTE
    ../clib/angel/sysapp.c                   0x00000000   Number         0  sys_exit.o ABSOLUTE
    ../clib/armsys.c                         0x00000000   Number         0  _get_argv_nomalloc.o ABSOLUTE
    ../clib/armsys.c                         0x00000000   Number         0  argv_veneer.o ABSOLUTE
    ../clib/armsys.c                         0x00000000   Number         0  argv_veneer.o ABSOLUTE
    ../clib/armsys.c                         0x00000000   Number         0  no_argv.o ABSOLUTE
    ../clib/heapalloc.c                      0x00000000   Number         0  hrguard.o ABSOLUTE
    ../clib/heapaux.c                        0x00000000   Number         0  heapauxi.o ABSOLUTE
    ../clib/libinit.s                        0x00000000   Number         0  libshutdown2.o ABSOLUTE
    ../clib/libinit.s                        0x00000000   Number         0  libinit2.o ABSOLUTE
    ../clib/libinit.s                        0x00000000   Number         0  libinit.o ABSOLUTE
    ../clib/libinit.s                        0x00000000   Number         0  libshutdown.o ABSOLUTE
    ../clib/longlong.s                       0x00000000   Number         0  lludivv7m.o ABSOLUTE
    ../clib/signal.c                         0x00000000   Number         0  defsig_stak_inner.o ABSOLUTE
    ../clib/signal.c                         0x00000000   Number         0  defsig_rtmem_formal.o ABSOLUTE
    ../clib/signal.c                         0x00000000   Number         0  defsig_general.o ABSOLUTE
    ../clib/signal.c                         0x00000000   Number         0  __raise.o ABSOLUTE
    ../clib/signal.c                         0x00000000   Number         0  defsig_fpe_inner.o ABSOLUTE
    ../clib/signal.c                         0x00000000   Number         0  defsig_rtmem_outer.o ABSOLUTE
    ../clib/signal.c                         0x00000000   Number         0  defsig_exit.o ABSOLUTE
    ../clib/signal.c                         0x00000000   Number         0  defsig_rtmem_inner.o ABSOLUTE
    ../clib/signal.c                         0x00000000   Number         0  defsig_rtred_inner.o ABSOLUTE
    ../clib/signal.c                         0x00000000   Number         0  defsig_abrt_inner.o ABSOLUTE
    ../clib/signal.c                         0x00000000   Number         0  defsig_fpe_formal.o ABSOLUTE
    ../clib/signal.c                         0x00000000   Number         0  defsig_fpe_outer.o ABSOLUTE
    ../clib/signal.c                         0x00000000   Number         0  defsig_cppl_inner.o ABSOLUTE
    ../clib/signal.c                         0x00000000   Number         0  defsig_other.o ABSOLUTE
    ../clib/signal.c                         0x00000000   Number         0  defsig_segv_inner.o ABSOLUTE
    ../clib/signal.c                         0x00000000   Number         0  defsig_pvfn_inner.o ABSOLUTE
    ../clib/signal.s                         0x00000000   Number         0  defsig.o ABSOLUTE
    ../clib/stdlib.c                         0x00000000   Number         0  exit.o ABSOLUTE
    ../fplib/fpinit.s                        0x00000000   Number         0  fpinit.o ABSOLUTE
    ..\HAL_CM.c                              0x00000000   Number         0  hal_cm.o ABSOLUTE
    ..\\rt_CMSIS.c                           0x00000000   Number         0  rt_cmsis.o ABSOLUTE
    ..\\rt_System.c                          0x00000000   Number         0  rt_system.o ABSOLUTE
    ..\rt_CMSIS.c                            0x00000000   Number         0  rt_cmsis.o ABSOLUTE
    ..\rt_Event.c                            0x00000000   Number         0  rt_event.o ABSOLUTE
    ..\rt_List.c                             0x00000000   Number         0  rt_list.o ABSOLUTE
    ..\rt_Mailbox.c                          0x00000000   Number         0  rt_mailbox.o ABSOLUTE
    ..\rt_MemBox.c                           0x00000000   Number         0  rt_membox.o ABSOLUTE
    ..\rt_Memory.c                           0x00000000   Number         0  rt_memory.o ABSOLUTE
    ..\rt_Mutex.c                            0x00000000   Number         0  rt_mutex.o ABSOLUTE
    ..\rt_Robin.c                            0x00000000   Number         0  rt_robin.o ABSOLUTE
    ..\rt_Semaphore.c                        0x00000000   Number         0  rt_semaphore.o ABSOLUTE
    ..\rt_System.c                           0x00000000   Number         0  rt_system.o ABSOLUTE
    ..\rt_Task.c                             0x00000000   Number         0  rt_task.o ABSOLUTE
    ..\rt_Time.c                             0x00000000   Number         0  rt_time.o ABSOLUTE
    C:\Keil_v5\ARM\PACK\Keil\STM32F4xx_DFP\2.11.0\Drivers\STM32F4xx_HAL_Driver\Src\stm32f4xx_hal.c 0x00000000   Number         0  stm32f4xx_hal.o ABSOLUTE
    C:\Keil_v5\ARM\PACK\Keil\STM32F4xx_DFP\2.11.0\Drivers\STM32F4xx_HAL_Driver\Src\stm32f4xx_hal_cortex.c 0x00000000   Number         0  stm32f4xx_hal_cortex.o ABSOLUTE
    C:\Keil_v5\ARM\PACK\Keil\STM32F4xx_DFP\2.11.0\Drivers\STM32F4xx_HAL_Driver\Src\stm32f4xx_hal_gpio.c 0x00000000   Number         0  stm32f4xx_hal_gpio.o ABSOLUTE
    C:\Keil_v5\ARM\PACK\Keil\STM32F4xx_DFP\2.11.0\Drivers\STM32F4xx_HAL_Driver\Src\stm32f4xx_hal_pwr.c 0x00000000   Number         0  stm32f4xx_hal_pwr.o ABSOLUTE
    C:\Keil_v5\ARM\PACK\Keil\STM32F4xx_DFP\2.11.0\Drivers\STM32F4xx_HAL_Driver\Src\stm32f4xx_hal_pwr_ex.c 0x00000000   Number         0  stm32f4xx_hal_pwr_ex.o ABSOLUTE
    C:\Keil_v5\ARM\PACK\Keil\STM32F4xx_DFP\2.11.0\Drivers\STM32F4xx_HAL_Driver\Src\stm32f4xx_hal_rcc.c 0x00000000   Number         0  stm32f4xx_hal_rcc.o ABSOLUTE
    C:\Keil_v5\ARM\PACK\Keil\STM32F4xx_DFP\2.11.0\Drivers\STM32F4xx_HAL_Driver\Src\stm32f4xx_hal_rcc_ex.c 0x00000000   Number         0  stm32f4xx_hal_rcc_ex.o ABSOLUTE
    C:\Keil_v5\ARM\PACK\Keil\STM32F4xx_DFP\2.11.0\MDK\Boards\ST\STM32F4-Discovery\Common\LED_F4Discovery.c 0x00000000   Number         0  led_f4discovery.o ABSOLUTE
    C:\\Keil_v5\\ARM\\PACK\\Keil\\STM32F4xx_DFP\\2.11.0\\Drivers\\STM32F4xx_HAL_Driver\\Src\\stm32f4xx_hal.c 0x00000000   Number         0  stm32f4xx_hal.o ABSOLUTE
    C:\\Keil_v5\\ARM\\PACK\\Keil\\STM32F4xx_DFP\\2.11.0\\Drivers\\STM32F4xx_HAL_Driver\\Src\\stm32f4xx_hal_cortex.c 0x00000000   Number         0  stm32f4xx_hal_cortex.o ABSOLUTE
    C:\\Keil_v5\\ARM\\PACK\\Keil\\STM32F4xx_DFP\\2.11.0\\Drivers\\STM32F4xx_HAL_Driver\\Src\\stm32f4xx_hal_gpio.c 0x00000000   Number         0  stm32f4xx_hal_gpio.o ABSOLUTE
    C:\\Keil_v5\\ARM\\PACK\\Keil\\STM32F4xx_DFP\\2.11.0\\Drivers\\STM32F4xx_HAL_Driver\\Src\\stm32f4xx_hal_pwr.c 0x00000000   Number         0  stm32f4xx_hal_pwr.o ABSOLUTE
    C:\\Keil_v5\\ARM\\PACK\\Keil\\STM32F4xx_DFP\\2.11.0\\Drivers\\STM32F4xx_HAL_Driver\\Src\\stm32f4xx_hal_pwr_ex.c 0x00000000   Number         0  stm32f4xx_hal_pwr_ex.o ABSOLUTE
    C:\\Keil_v5\\ARM\\PACK\\Keil\\STM32F4xx_DFP\\2.11.0\\Drivers\\STM32F4xx_HAL_Driver\\Src\\stm32f4xx_hal_rcc.c 0x00000000   Number         0  stm32f4xx_hal_rcc.o ABSOLUTE
    C:\\Keil_v5\\ARM\\PACK\\Keil\\STM32F4xx_DFP\\2.11.0\\Drivers\\STM32F4xx_HAL_Driver\\Src\\stm32f4xx_hal_rcc_ex.c 0x00000000   Number         0  stm32f4xx_hal_rcc_ex.o ABSOLUTE
    C:\\Keil_v5\\ARM\\PACK\\Keil\\STM32F4xx_DFP\\2.11.0\\MDK\\Boards\\ST\\STM32F4-Discovery\\Common\\LED_F4Discovery.c 0x00000000   Number         0  led_f4discovery.o ABSOLUTE
    HAL_CM4.c                                0x00000000   Number         0  hal_cm4.o ABSOLUTE
    HAL_CM4.c                                0x00000000   Number         0  hal_cm4.o ABSOLUTE
    RTE\CMSIS\RTX_Conf_CM.c                  0x00000000   Number         0  rtx_conf_cm.o ABSOLUTE
    RTE\Device\STM32F407VGTx\startup_stm32f407xx.s 0x00000000   Number         0  startup_stm32f407xx.o ABSOLUTE
    RTE\Device\STM32F407VGTx\system_stm32f4xx.c 0x00000000   Number         0  system_stm32f4xx.o ABSOLUTE
    RTE\\CMSIS\\RTX_Conf_CM.c                0x00000000   Number         0  rtx_conf_cm.o ABSOLUTE
    RTE\\Device\\STM32F407VGTx\\system_stm32f4xx.c 0x00000000   Number         0  system_stm32f4xx.o ABSOLUTE
    SVC_Table.s                              0x00000000   Number         0  svc_table.o ABSOLUTE
    dc.s                                     0x00000000   Number         0  dc.o ABSOLUTE
    main.c                                   0x00000000   Number         0  main.o ABSOLUTE
    main.c                                   0x00000000   Number         0  main.o ABSOLUTE
    RESET                                    0x08000000   Section      392  startup_stm32f407xx.o(RESET)
    !!!main                                  0x08000188   Section        8  __main.o(!!!main)
    !!!scatter                               0x08000190   Section       52  __scatter.o(!!!scatter)
    !!handler_copy                           0x080001c4   Section       26  __scatter_copy.o(!!handler_copy)
    !!handler_zi                             0x080001e0   Section       28  __scatter_zi.o(!!handler_zi)
    .ARM.Collect$$libinit$$00000000          0x080001fc   Section        2  libinit.o(.ARM.Collect$$libinit$$00000000)
    .ARM.Collect$$libinit$$00000001          0x080001fe   Section        4  libinit2.o(.ARM.Collect$$libinit$$00000001)
    .ARM.Collect$$libinit$$00000004          0x08000202   Section        0  libinit2.o(.ARM.Collect$$libinit$$00000004)
    .ARM.Collect$$libinit$$0000000A          0x08000202   Section        0  libinit2.o(.ARM.Collect$$libinit$$0000000A)
    .ARM.Collect$$libinit$$0000000C          0x08000202   Section        0  libinit2.o(.ARM.Collect$$libinit$$0000000C)
    .ARM.Collect$$libinit$$0000000E          0x08000202   Section        0  libinit2.o(.ARM.Collect$$libinit$$0000000E)
    .ARM.Collect$$libinit$$00000011          0x08000202   Section        0  libinit2.o(.ARM.Collect$$libinit$$00000011)
    .ARM.Collect$$libinit$$00000013          0x08000202   Section        0  libinit2.o(.ARM.Collect$$libinit$$00000013)
    .ARM.Collect$$libinit$$00000015          0x08000202   Section        0  libinit2.o(.ARM.Collect$$libinit$$00000015)
    .ARM.Collect$$libinit$$00000017          0x08000202   Section        0  libinit2.o(.ARM.Collect$$libinit$$00000017)
    .ARM.Collect$$libinit$$00000019          0x08000202   Section        0  libinit2.o(.ARM.Collect$$libinit$$00000019)
    .ARM.Collect$$libinit$$0000001B          0x08000202   Section        0  libinit2.o(.ARM.Collect$$libinit$$0000001B)
    .ARM.Collect$$libinit$$0000001D          0x08000202   Section        0  libinit2.o(.ARM.Collect$$libinit$$0000001D)
    .ARM.Collect$$libinit$$0000001F          0x08000202   Section        0  libinit2.o(.ARM.Collect$$libinit$$0000001F)
    .ARM.Collect$$libinit$$00000021          0x08000202   Section        0  libinit2.o(.ARM.Collect$$libinit$$00000021)
    .ARM.Collect$$libinit$$00000023          0x08000202   Section        0  libinit2.o(.ARM.Collect$$libinit$$00000023)
    .ARM.Collect$$libinit$$00000025          0x08000202   Section        0  libinit2.o(.ARM.Collect$$libinit$$00000025)
    .ARM.Collect$$libinit$$0000002C          0x08000202   Section        0  libinit2.o(.ARM.Collect$$libinit$$0000002C)
    .ARM.Collect$$libinit$$0000002E          0x08000202   Section        0  libinit2.o(.ARM.Collect$$libinit$$0000002E)
    .ARM.Collect$$libinit$$00000030          0x08000202   Section        0  libinit2.o(.ARM.Collect$$libinit$$00000030)
    .ARM.Collect$$libinit$$00000032          0x08000202   Section        0  libinit2.o(.ARM.Collect$$libinit$$00000032)
    .ARM.Collect$$libinit$$00000033          0x08000202   Section        2  libinit2.o(.ARM.Collect$$libinit$$00000033)
    .ARM.Collect$$libshutdown$$00000000      0x08000204   Section        2  libshutdown.o(.ARM.Collect$$libshutdown$$00000000)
    .ARM.Collect$$libshutdown$$00000002      0x08000206   Section        0  libshutdown2.o(.ARM.Collect$$libshutdown$$00000002)
    .ARM.Collect$$libshutdown$$00000004      0x08000206   Section        0  libshutdown2.o(.ARM.Collect$$libshutdown$$00000004)
    .ARM.Collect$$libshutdown$$00000007      0x08000206   Section        0  libshutdown2.o(.ARM.Collect$$libshutdown$$00000007)
    .ARM.Collect$$libshutdown$$0000000A      0x08000206   Section        0  libshutdown2.o(.ARM.Collect$$libshutdown$$0000000A)
    .ARM.Collect$$libshutdown$$0000000C      0x08000206   Section        0  libshutdown2.o(.ARM.Collect$$libshutdown$$0000000C)
    .ARM.Collect$$libshutdown$$0000000F      0x08000206   Section        0  libshutdown2.o(.ARM.Collect$$libshutdown$$0000000F)
    .ARM.Collect$$libshutdown$$00000010      0x08000206   Section        2  libshutdown2.o(.ARM.Collect$$libshutdown$$00000010)
    .ARM.Collect$$rtentry$$00000000          0x08000208   Section        0  __rtentry.o(.ARM.Collect$$rtentry$$00000000)
    .ARM.Collect$$rtentry$$00000002          0x08000208   Section        0  __rtentry2.o(.ARM.Collect$$rtentry$$00000002)
    .ARM.Collect$$rtentry$$00000004          0x08000208   Section        6  __rtentry4.o(.ARM.Collect$$rtentry$$00000004)
    .ARM.Collect$$rtentry$$00000009          0x0800020e   Section        0  __rtentry2.o(.ARM.Collect$$rtentry$$00000009)
    .ARM.Collect$$rtentry$$0000000A          0x0800020e   Section        4  __rtentry2.o(.ARM.Collect$$rtentry$$0000000A)
    .ARM.Collect$$rtentry$$0000000B          0x08000212   Section        8  __rtentry2.o(.ARM.Collect$$rtentry$$0000000B)
    .ARM.Collect$$rtentry$$0000000D          0x0800021a   Section        8  __rtentry2.o(.ARM.Collect$$rtentry$$0000000D)
    .ARM.Collect$$rtexit$$00000000           0x08000222   Section        2  rtexit.o(.ARM.Collect$$rtexit$$00000000)
    .ARM.Collect$$rtexit$$00000002           0x08000224   Section        0  rtexit2.o(.ARM.Collect$$rtexit$$00000002)
    .ARM.Collect$$rtexit$$00000003           0x08000224   Section        4  rtexit2.o(.ARM.Collect$$rtexit$$00000003)
    .ARM.Collect$$rtexit$$00000004           0x08000228   Section        6  rtexit2.o(.ARM.Collect$$rtexit$$00000004)
    .emb_text                                0x08000230   Section       28  rtx_conf_cm.o(.emb_text)
    $v0                                      0x08000230   Number         0  rtx_conf_cm.o(.emb_text)
    .emb_text                                0x0800024c   Section      408  hal_cm4.o(.emb_text)
    $v0                                      0x0800024c   Number         0  hal_cm4.o(.emb_text)
    .text                                    0x080003e4   Section       64  startup_stm32f407xx.o(.text)
    $v0                                      0x080003e4   Number         0  startup_stm32f407xx.o(.text)
    .text                                    0x08000424   Section        8  libspace.o(.text)
    .text                                    0x0800042c   Section        0  exit.o(.text)
    .text                                    0x0800043e   Section        0  heapauxi.o(.text)
    .text                                    0x08000444   Section        0  sys_exit.o(.text)
    .text                                    0x08000450   Section       74  sys_stackheap_outer.o(.text)
    .text                                    0x0800049a   Section        2  use_no_semi.o(.text)
    .text                                    0x0800049c   Section        0  indicate_semi.o(.text)
    SVC_TABLE                                0x0800049c   Section        4  svc_table.o(SVC_TABLE)
    i.HAL_Delay                              0x080004a0   Section        0  stm32f4xx_hal.o(i.HAL_Delay)
    i.HAL_GPIO_Init                          0x080004bc   Section        0  stm32f4xx_hal_gpio.o(i.HAL_GPIO_Init)
    i.HAL_GPIO_WritePin                      0x080006bc   Section        0  stm32f4xx_hal_gpio.o(i.HAL_GPIO_WritePin)
    i.HAL_GetTick                            0x080006c8   Section        0  main.o(i.HAL_GetTick)
    i.LED_Initialize                         0x080006d4   Section        0  led_f4discovery.o(i.LED_Initialize)
    i.LED_Off                                0x08000720   Section        0  led_f4discovery.o(i.LED_Off)
    i.LED_On                                 0x08000740   Section        0  led_f4discovery.o(i.LED_On)
    i.SystemInit                             0x08000760   Section        0  system_stm32f4xx.o(i.SystemInit)
    i.TCBEntry                               0x080007c4   Section        0  main.o(i.TCBEntry)
    i._init_box                              0x08000814   Section        0  rt_membox.o(i._init_box)
    i._mutex_acquire                         0x0800085c   Section        0  rtx_conf_cm.o(i._mutex_acquire)
    __tagsym$$used                           0x0800085d   Number         0  rtx_conf_cm.o(i._mutex_acquire)
    i._mutex_release                         0x0800087c   Section        0  rtx_conf_cm.o(i._mutex_release)
    __tagsym$$used                           0x0800087d   Number         0  rtx_conf_cm.o(i._mutex_release)
    i.dbg_init                               0x08000898   Section        0  hal_cm.o(i.dbg_init)
    i.dbg_task_notify                        0x080008c8   Section        0  hal_cm.o(i.dbg_task_notify)
    i.dbg_task_switch                        0x080008e8   Section        0  hal_cm.o(i.dbg_task_switch)
    i.findlcm                                0x080008f8   Section        0  main.o(i.findlcm)
    i.isrMessageGet                          0x0800091c   Section        0  rt_cmsis.o(i.isrMessageGet)
    i.isrMessagePut                          0x08000946   Section        0  rt_cmsis.o(i.isrMessagePut)
    i.isr_mbx_receive                        0x08000974   Section        0  rt_mailbox.o(i.isr_mbx_receive)
    i.isr_mbx_send                           0x080009ca   Section        0  rt_mailbox.o(i.isr_mbx_send)
    i.led_Thread1                            0x080009d8   Section        0  main.o(i.led_Thread1)
    i.led_Thread2                            0x08000a06   Section        0  main.o(i.led_Thread2)
    i.main                                   0x08000a34   Section        0  main.o(i.main)
    i.osDelay                                0x08000a7c   Section        0  rt_cmsis.o(i.osDelay)
    i.osKernelInitialize                     0x08000a94   Section        0  rt_cmsis.o(i.osKernelInitialize)
    i.osKernelStart                          0x08000ab8   Section        0  rt_cmsis.o(i.osKernelStart)
    i.osMessageGet                           0x08000b24   Section        0  rt_cmsis.o(i.osMessageGet)
    i.osPeriodicStart                        0x08000b3c   Section        0  main.o(i.osPeriodicStart)
    i.osThreadCreate                         0x08000b74   Section        0  rt_cmsis.o(i.osThreadCreate)
    i.osThreadExit                           0x08000ba0   Section        0  rt_cmsis.o(i.osThreadExit)
    i.osTimerCall                            0x08000bb8   Section        0  rt_cmsis.o(i.osTimerCall)
    i.osTimerThread                          0x08000bc4   Section        0  rt_cmsis.o(i.osTimerThread)
    i.os_error                               0x08000bf0   Section        0  rtx_conf_cm.o(i.os_error)
    i.os_idle_demon                          0x08000c12   Section        0  rtx_conf_cm.o(i.os_idle_demon)
    i.os_tick_init                           0x08000c18   Section        0  rt_system.o(i.os_tick_init)
    i.os_tick_irqack                         0x08000c40   Section        0  rt_system.o(i.os_tick_irqack)
    i.osprThreadCreate                       0x08000c44   Section        0  main.o(i.osprThreadCreate)
    i.rt_alloc_box                           0x08000c64   Section        0  rt_membox.o(i.rt_alloc_box)
    i.rt_alloc_mem                           0x08000c7e   Section        0  rt_memory.o(i.rt_alloc_mem)
    i.rt_block                               0x08000cbc   Section        0  rt_task.o(i.rt_block)
    i.rt_chk_robin                           0x08000cf4   Section        0  rtx_conf_cm.o(i.rt_chk_robin)
    i.rt_dec_dly                             0x08000cf8   Section        0  rt_list.o(i.rt_dec_dly)
    i.rt_dispatch                            0x08000d68   Section        0  rt_task.o(i.rt_dispatch)
    i.rt_dly_wait                            0x08000dac   Section        0  rt_time.o(i.rt_dly_wait)
    i.rt_evt_psh                             0x08000db4   Section        0  rt_event.o(i.rt_evt_psh)
    i.rt_free_box                            0x08000e04   Section        0  rt_membox.o(i.rt_free_box)
    i.rt_free_mem                            0x08000e30   Section        0  rt_memory.o(i.rt_free_mem)
    i.rt_get_first                           0x08000e58   Section        0  rt_list.o(i.rt_get_first)
    i.rt_id2obj                              0x08000e80   Section        0  rt_cmsis.o(i.rt_id2obj)
    rt_id2obj                                0x08000e81   Thumb Code     8  rt_cmsis.o(i.rt_id2obj)
    i.rt_init_context                        0x08000e88   Section        0  rt_task.o(i.rt_init_context)
    rt_init_context                          0x08000e89   Thumb Code    66  rt_task.o(i.rt_init_context)
    i.rt_init_mem                            0x08000ed0   Section        0  rt_memory.o(i.rt_init_mem)
    i.rt_init_robin                          0x08000eea   Section        0  rtx_conf_cm.o(i.rt_init_robin)
    i.rt_init_stack                          0x08000eec   Section        0  hal_cm.o(i.rt_init_stack)
    i.rt_mbx_check                           0x08000f6c   Section        0  rt_mailbox.o(i.rt_mbx_check)
    i.rt_mbx_init                            0x08000f74   Section        0  rt_mailbox.o(i.rt_mbx_init)
    i.rt_mbx_psh                             0x08000f90   Section        0  rt_mailbox.o(i.rt_mbx_psh)
    i.rt_mbx_wait                            0x08001080   Section        0  rt_mailbox.o(i.rt_mbx_wait)
    i.rt_ms2tick                             0x08001134   Section        0  rt_cmsis.o(i.rt_ms2tick)
    rt_ms2tick                               0x08001135   Thumb Code    58  rt_cmsis.o(i.rt_ms2tick)
    i.rt_mut_release                         0x08001178   Section        0  rt_mutex.o(i.rt_mut_release)
    i.rt_mut_wait                            0x08001250   Section        0  rt_mutex.o(i.rt_mut_wait)
    i.rt_pop_req                             0x080012c8   Section        0  rt_system.o(i.rt_pop_req)
    i.rt_psh_req                             0x08001344   Section        0  rt_system.o(i.rt_psh_req)
    i.rt_psq_enq                             0x08001364   Section        0  rt_list.o(i.rt_psq_enq)
    i.rt_put_dly                             0x080013c0   Section        0  rt_list.o(i.rt_put_dly)
    i.rt_put_prio                            0x08001408   Section        0  rt_list.o(i.rt_put_prio)
    i.rt_put_rdy_first                       0x08001440   Section        0  rt_list.o(i.rt_put_rdy_first)
    i.rt_resort_prio                         0x08001454   Section        0  rt_list.o(i.rt_resort_prio)
    i.rt_ret_regs                            0x08001488   Section        0  hal_cm.o(i.rt_ret_regs)
    rt_ret_regs                              0x08001489   Thumb Code    16  hal_cm.o(i.rt_ret_regs)
    i.rt_ret_val                             0x08001498   Section        0  hal_cm.o(i.rt_ret_val)
    i.rt_ret_val2                            0x080014a4   Section        0  hal_cm.o(i.rt_ret_val2)
    i.rt_rmv_dly                             0x080014b4   Section        0  rt_list.o(i.rt_rmv_dly)
    i.rt_rmv_list                            0x080014dc   Section        0  rt_list.o(i.rt_rmv_list)
    i.rt_sem_psh                             0x0800150c   Section        0  rt_semaphore.o(i.rt_sem_psh)
    i.rt_stk_check                           0x08001540   Section        0  rt_system.o(i.rt_stk_check)
    i.rt_switch_req                          0x08001564   Section        0  rt_task.o(i.rt_switch_req)
    i.rt_sys_init                            0x0800158c   Section        0  rt_task.o(i.rt_sys_init)
    i.rt_sys_start                           0x08001658   Section        0  rt_task.o(i.rt_sys_start)
    i.rt_systick                             0x080016d0   Section        0  rt_system.o(i.rt_systick)
    i.rt_tid2ptcb                            0x08001710   Section        0  rt_cmsis.o(i.rt_tid2ptcb)
    rt_tid2ptcb                              0x08001711   Thumb Code    18  rt_cmsis.o(i.rt_tid2ptcb)
    i.rt_timer_insert                        0x08001724   Section        0  rt_cmsis.o(i.rt_timer_insert)
    rt_timer_insert                          0x08001725   Thumb Code    48  rt_cmsis.o(i.rt_timer_insert)
    i.rt_tsk_create                          0x08001758   Section        0  rt_task.o(i.rt_tsk_create)
    i.rt_tsk_delete                          0x080017e0   Section        0  rt_task.o(i.rt_tsk_delete)
    i.rt_tsk_prio                            0x0800195c   Section        0  rt_task.o(i.rt_tsk_prio)
    i.rt_tsk_self                            0x080019d8   Section        0  rt_task.o(i.rt_tsk_self)
    i.svcDelay                               0x080019e8   Section        0  rt_cmsis.o(i.svcDelay)
    i.svcKernelInitialize                    0x080019fc   Section        0  rt_cmsis.o(i.svcKernelInitialize)
    i.svcKernelStart                         0x08001a6c   Section        0  rt_cmsis.o(i.svcKernelStart)
    i.svcMessageCreate                       0x08001ab4   Section        0  rt_cmsis.o(i.svcMessageCreate)
    i.svcMessageGet                          0x08001ad8   Section        0  rt_cmsis.o(i.svcMessageGet)
    i.svcThreadCreate                        0x08001b14   Section        0  rt_cmsis.o(i.svcThreadCreate)
    i.svcThreadGetId                         0x08001b80   Section        0  rt_cmsis.o(i.svcThreadGetId)
    i.svcThreadTerminate                     0x08001b9c   Section        0  rt_cmsis.o(i.svcThreadTerminate)
    i.svcTimerCall                           0x08001bd4   Section        0  rt_cmsis.o(i.svcTimerCall)
    i.sysTimerTick                           0x08001bec   Section        0  rt_cmsis.o(i.sysTimerTick)
    x$fpl$fpinit                             0x08001c48   Section       10  fpinit.o(x$fpl$fpinit)
    $v0                                      0x08001c48   Number         0  fpinit.o(x$fpl$fpinit)
    .constdata                               0x08001c54   Section       64  main.o(.constdata)
    .constdata                               0x08001c94   Section       32  led_f4discovery.o(.constdata)
    LED_PIN                                  0x08001c94   Data          32  led_f4discovery.o(.constdata)
    .constdata                               0x08001cb4   Section      104  rtx_conf_cm.o(.constdata)
    __tagsym$$used                           0x08001cd0   Number         0  rtx_conf_cm.o(.constdata)
    __tagsym$$used                           0x08001cd4   Number         0  rtx_conf_cm.o(.constdata)
    __tagsym$$used                           0x08001cd8   Number         0  rtx_conf_cm.o(.constdata)
    __tagsym$$used                           0x08001cdc   Number         0  rtx_conf_cm.o(.constdata)
    .data                                    0x20000000   Section       16  main.o(.data)
    .data                                    0x20000010   Section       20  rtx_conf_cm.o(.data)
    nr_mutex                                 0x20000020   Data           4  rtx_conf_cm.o(.data)
    .data                                    0x20000024   Section        8  rt_cmsis.o(.data)
    .data                                    0x2000002c   Section        8  rt_task.o(.data)
    .data                                    0x20000034   Section        4  rt_time.o(.data)
    .data                                    0x20000038   Section        8  rt_system.o(.data)
    os_lock                                  0x20000038   Data           1  rt_system.o(.data)
    os_psh_flag                              0x20000039   Data           1  rt_system.o(.data)
    pend_flags                               0x2000003a   Data           1  rt_system.o(.data)
    .data                                    0x20000040   Section        1  hal_cm.o(.data)
    .bss                                     0x20000044   Section       20  main.o(.bss)
    .bss                                     0x20000058   Section     3016  rtx_conf_cm.o(.bss)
    std_libspace                             0x20000900   Data         672  rtx_conf_cm.o(.bss)
    std_libmutex                             0x20000ba0   Data         128  rtx_conf_cm.o(.bss)
    .bss                                     0x20000c20   Section       52  rt_task.o(.bss)
    .bss                                     0x20000c54   Section       48  rt_list.o(.bss)
    .bss                                     0x20000c84   Section       96  libspace.o(.bss)
    HEAP                                     0x20000ce8   Section      512  startup_stm32f407xx.o(HEAP)
    Heap_Mem                                 0x20000ce8   Data         512  startup_stm32f407xx.o(HEAP)
    STACK                                    0x20000ee8   Section     1024  startup_stm32f407xx.o(STACK)
    Stack_Mem                                0x20000ee8   Data        1024  startup_stm32f407xx.o(STACK)
    __initial_sp                             0x200012e8   Data           0  startup_stm32f407xx.o(STACK)

    Global Symbols

    Symbol Name                              Value     Ov Type        Size  Object(Section)

    BuildAttributes$$THM_ISAv4$E$P$D$K$B$S$7EM$VFPi3$EXTD16$VFPS$VFMA$PE$A:L22UL41UL21$X:L11$S22US41US21$IEEE1$IW$USESV6$~STKCKD$USESV7$~SHL$OSPACE$ROPI$EBA8$UX$STANDARDLIB$REQ8$PRES8$EABIv2 0x00000000   Number         0  anon$$obj.o ABSOLUTE
    __ARM_use_no_argv                        0x00000000   Number         0  main.o ABSOLUTE
    __ARM_exceptions_init                     - Undefined Weak Reference
    __alloca_initialize                       - Undefined Weak Reference
    __arm_preinit_                            - Undefined Weak Reference
    __cpp_initialize__aeabi_                  - Undefined Weak Reference
    __cxa_finalize                            - Undefined Weak Reference
    __rt_locale                               - Undefined Weak Reference
    __sigvec_lookup                           - Undefined Weak Reference
    _atexit_init                              - Undefined Weak Reference
    _call_atexit_fns                          - Undefined Weak Reference
    _clock_init                               - Undefined Weak Reference
    _fp_trap_init                             - Undefined Weak Reference
    _fp_trap_shutdown                         - Undefined Weak Reference
    _get_lc_collate                           - Undefined Weak Reference
    _get_lc_ctype                             - Undefined Weak Reference
    _get_lc_monetary                          - Undefined Weak Reference
    _get_lc_numeric                           - Undefined Weak Reference
    _get_lc_time                              - Undefined Weak Reference
    _getenv_init                              - Undefined Weak Reference
    _handle_redirection                       - Undefined Weak Reference
    _init_alloc                               - Undefined Weak Reference
    _init_user_alloc                          - Undefined Weak Reference
    _initio                                   - Undefined Weak Reference
    _rand_init                                - Undefined Weak Reference
    _signal_finish                            - Undefined Weak Reference
    _signal_init                              - Undefined Weak Reference
    _terminate_alloc                          - Undefined Weak Reference
    _terminate_user_alloc                     - Undefined Weak Reference
    _terminateio                              - Undefined Weak Reference
    __Vectors_Size                           0x00000188   Number         0  startup_stm32f407xx.o ABSOLUTE
    __RL_RTX_VER                             0x00000482   Number         0  rt_system.o ABSOLUTE
    __Vectors                                0x08000000   Data           4  startup_stm32f407xx.o(RESET)
    __Vectors_End                            0x08000188   Data           0  startup_stm32f407xx.o(RESET)
    __main                                   0x08000189   Thumb Code     8  __main.o(!!!main)
    __scatterload                            0x08000191   Thumb Code     0  __scatter.o(!!!scatter)
    __scatterload_rt2                        0x08000191   Thumb Code    44  __scatter.o(!!!scatter)
    __scatterload_rt2_thumb_only             0x08000191   Thumb Code     0  __scatter.o(!!!scatter)
    __scatterload_null                       0x0800019f   Thumb Code     0  __scatter.o(!!!scatter)
    __scatterload_copy                       0x080001c5   Thumb Code    26  __scatter_copy.o(!!handler_copy)
    __scatterload_zeroinit                   0x080001e1   Thumb Code    28  __scatter_zi.o(!!handler_zi)
    __rt_lib_init                            0x080001fd   Thumb Code     0  libinit.o(.ARM.Collect$$libinit$$00000000)
    __rt_lib_init_fp_1                       0x080001ff   Thumb Code     0  libinit2.o(.ARM.Collect$$libinit$$00000001)
    __rt_lib_init_alloca_1                   0x08000203   Thumb Code     0  libinit2.o(.ARM.Collect$$libinit$$0000002E)
    __rt_lib_init_argv_1                     0x08000203   Thumb Code     0  libinit2.o(.ARM.Collect$$libinit$$0000002C)
    __rt_lib_init_atexit_1                   0x08000203   Thumb Code     0  libinit2.o(.ARM.Collect$$libinit$$0000001B)
    __rt_lib_init_clock_1                    0x08000203   Thumb Code     0  libinit2.o(.ARM.Collect$$libinit$$00000021)
    __rt_lib_init_cpp_1                      0x08000203   Thumb Code     0  libinit2.o(.ARM.Collect$$libinit$$00000032)
    __rt_lib_init_exceptions_1               0x08000203   Thumb Code     0  libinit2.o(.ARM.Collect$$libinit$$00000030)
    __rt_lib_init_fp_trap_1                  0x08000203   Thumb Code     0  libinit2.o(.ARM.Collect$$libinit$$0000001F)
    __rt_lib_init_getenv_1                   0x08000203   Thumb Code     0  libinit2.o(.ARM.Collect$$libinit$$00000023)
    __rt_lib_init_heap_1                     0x08000203   Thumb Code     0  libinit2.o(.ARM.Collect$$libinit$$0000000A)
    __rt_lib_init_lc_collate_1               0x08000203   Thumb Code     0  libinit2.o(.ARM.Collect$$libinit$$00000011)
    __rt_lib_init_lc_ctype_1                 0x08000203   Thumb Code     0  libinit2.o(.ARM.Collect$$libinit$$00000013)
    __rt_lib_init_lc_monetary_1              0x08000203   Thumb Code     0  libinit2.o(.ARM.Collect$$libinit$$00000015)
    __rt_lib_init_lc_numeric_1               0x08000203   Thumb Code     0  libinit2.o(.ARM.Collect$$libinit$$00000017)
    __rt_lib_init_lc_time_1                  0x08000203   Thumb Code     0  libinit2.o(.ARM.Collect$$libinit$$00000019)
    __rt_lib_init_preinit_1                  0x08000203   Thumb Code     0  libinit2.o(.ARM.Collect$$libinit$$00000004)
    __rt_lib_init_rand_1                     0x08000203   Thumb Code     0  libinit2.o(.ARM.Collect$$libinit$$0000000E)
    __rt_lib_init_return                     0x08000203   Thumb Code     0  libinit2.o(.ARM.Collect$$libinit$$00000033)
    __rt_lib_init_signal_1                   0x08000203   Thumb Code     0  libinit2.o(.ARM.Collect$$libinit$$0000001D)
    __rt_lib_init_stdio_1                    0x08000203   Thumb Code     0  libinit2.o(.ARM.Collect$$libinit$$00000025)
    __rt_lib_init_user_alloc_1               0x08000203   Thumb Code     0  libinit2.o(.ARM.Collect$$libinit$$0000000C)
    __rt_lib_shutdown                        0x08000205   Thumb Code     0  libshutdown.o(.ARM.Collect$$libshutdown$$00000000)
    __rt_lib_shutdown_cpp_1                  0x08000207   Thumb Code     0  libshutdown2.o(.ARM.Collect$$libshutdown$$00000002)
    __rt_lib_shutdown_fp_trap_1              0x08000207   Thumb Code     0  libshutdown2.o(.ARM.Collect$$libshutdown$$00000007)
    __rt_lib_shutdown_heap_1                 0x08000207   Thumb Code     0  libshutdown2.o(.ARM.Collect$$libshutdown$$0000000F)
    __rt_lib_shutdown_return                 0x08000207   Thumb Code     0  libshutdown2.o(.ARM.Collect$$libshutdown$$00000010)
    __rt_lib_shutdown_signal_1               0x08000207   Thumb Code     0  libshutdown2.o(.ARM.Collect$$libshutdown$$0000000A)
    __rt_lib_shutdown_stdio_1                0x08000207   Thumb Code     0  libshutdown2.o(.ARM.Collect$$libshutdown$$00000004)
    __rt_lib_shutdown_user_alloc_1           0x08000207   Thumb Code     0  libshutdown2.o(.ARM.Collect$$libshutdown$$0000000C)
    __rt_entry                               0x08000209   Thumb Code     0  __rtentry.o(.ARM.Collect$$rtentry$$00000000)
    __rt_entry_presh_1                       0x08000209   Thumb Code     0  __rtentry2.o(.ARM.Collect$$rtentry$$00000002)
    __rt_entry_sh                            0x08000209   Thumb Code     0  __rtentry4.o(.ARM.Collect$$rtentry$$00000004)
    __rt_entry_li                            0x0800020f   Thumb Code     0  __rtentry2.o(.ARM.Collect$$rtentry$$0000000A)
    __rt_entry_postsh_1                      0x0800020f   Thumb Code     0  __rtentry2.o(.ARM.Collect$$rtentry$$00000009)
    __rt_entry_postli_1                      0x08000213   Thumb Code     0  __rtentry2.o(.ARM.Collect$$rtentry$$0000000B)
    __rt_entry_main                          0x0800021b   Thumb Code     0  __rtentry2.o(.ARM.Collect$$rtentry$$0000000D)
    __rt_exit                                0x08000223   Thumb Code     0  rtexit.o(.ARM.Collect$$rtexit$$00000000)
    __rt_exit_ls                             0x08000225   Thumb Code     0  rtexit2.o(.ARM.Collect$$rtexit$$00000003)
    __rt_exit_prels_1                        0x08000225   Thumb Code     0  rtexit2.o(.ARM.Collect$$rtexit$$00000002)
    __rt_exit_exit                           0x08000229   Thumb Code     0  rtexit2.o(.ARM.Collect$$rtexit$$00000004)
    _platform_post_lib_init                  0x08000231   Thumb Code    24  rtx_conf_cm.o(.emb_text)
    rt_set_PSP                               0x0800024d   Thumb Code     6  hal_cm4.o(.emb_text)
    rt_get_PSP                               0x08000253   Thumb Code     6  hal_cm4.o(.emb_text)
    os_set_env                               0x08000259   Thumb Code    24  hal_cm4.o(.emb_text)
    _alloc_box                               0x08000275   Thumb Code    28  hal_cm4.o(.emb_text)
    _free_box                                0x08000295   Thumb Code    28  hal_cm4.o(.emb_text)
    SVC_Handler                              0x080002b5   Thumb Code   168  hal_cm4.o(.emb_text)
    PendSV_Handler                           0x0800036d   Thumb Code    96  hal_cm4.o(.emb_text)
    SysTick_Handler                          0x080003d1   Thumb Code     8  hal_cm4.o(.emb_text)
    OS_Tick_Handler                          0x080003d9   Thumb Code    12  hal_cm4.o(.emb_text)
    Reset_Handler                            0x080003e5   Thumb Code     8  startup_stm32f407xx.o(.text)
    NMI_Handler                              0x080003ed   Thumb Code     2  startup_stm32f407xx.o(.text)
    HardFault_Handler                        0x080003ef   Thumb Code     2  startup_stm32f407xx.o(.text)
    MemManage_Handler                        0x080003f1   Thumb Code     2  startup_stm32f407xx.o(.text)
    BusFault_Handler                         0x080003f3   Thumb Code     2  startup_stm32f407xx.o(.text)
    UsageFault_Handler                       0x080003f5   Thumb Code     2  startup_stm32f407xx.o(.text)
    DebugMon_Handler                         0x080003f9   Thumb Code     2  startup_stm32f407xx.o(.text)
    ADC_IRQHandler                           0x080003ff   Thumb Code     0  startup_stm32f407xx.o(.text)
    CAN1_RX0_IRQHandler                      0x080003ff   Thumb Code     0  startup_stm32f407xx.o(.text)
    CAN1_RX1_IRQHandler                      0x080003ff   Thumb Code     0  startup_stm32f407xx.o(.text)
    CAN1_SCE_IRQHandler                      0x080003ff   Thumb Code     0  startup_stm32f407xx.o(.text)
    CAN1_TX_IRQHandler                       0x080003ff   Thumb Code     0  startup_stm32f407xx.o(.text)
    CAN2_RX0_IRQHandler                      0x080003ff   Thumb Code     0  startup_stm32f407xx.o(.text)
    CAN2_RX1_IRQHandler                      0x080003ff   Thumb Code     0  startup_stm32f407xx.o(.text)
    CAN2_SCE_IRQHandler                      0x080003ff   Thumb Code     0  startup_stm32f407xx.o(.text)
    CAN2_TX_IRQHandler                       0x080003ff   Thumb Code     0  startup_stm32f407xx.o(.text)
    DCMI_IRQHandler                          0x080003ff   Thumb Code     0  startup_stm32f407xx.o(.text)
    DMA1_Stream0_IRQHandler                  0x080003ff   Thumb Code     0  startup_stm32f407xx.o(.text)
    DMA1_Stream1_IRQHandler                  0x080003ff   Thumb Code     0  startup_stm32f407xx.o(.text)
    DMA1_Stream2_IRQHandler                  0x080003ff   Thumb Code     0  startup_stm32f407xx.o(.text)
    DMA1_Stream3_IRQHandler                  0x080003ff   Thumb Code     0  startup_stm32f407xx.o(.text)
    DMA1_Stream4_IRQHandler                  0x080003ff   Thumb Code     0  startup_stm32f407xx.o(.text)
    DMA1_Stream5_IRQHandler                  0x080003ff   Thumb Code     0  startup_stm32f407xx.o(.text)
    DMA1_Stream6_IRQHandler                  0x080003ff   Thumb Code     0  startup_stm32f407xx.o(.text)
    DMA1_Stream7_IRQHandler                  0x080003ff   Thumb Code     0  startup_stm32f407xx.o(.text)
    DMA2_Stream0_IRQHandler                  0x080003ff   Thumb Code     0  startup_stm32f407xx.o(.text)
    DMA2_Stream1_IRQHandler                  0x080003ff   Thumb Code     0  startup_stm32f407xx.o(.text)
    DMA2_Stream2_IRQHandler                  0x080003ff   Thumb Code     0  startup_stm32f407xx.o(.text)
    DMA2_Stream3_IRQHandler                  0x080003ff   Thumb Code     0  startup_stm32f407xx.o(.text)
    DMA2_Stream4_IRQHandler                  0x080003ff   Thumb Code     0  startup_stm32f407xx.o(.text)
    DMA2_Stream5_IRQHandler                  0x080003ff   Thumb Code     0  startup_stm32f407xx.o(.text)
    DMA2_Stream6_IRQHandler                  0x080003ff   Thumb Code     0  startup_stm32f407xx.o(.text)
    DMA2_Stream7_IRQHandler                  0x080003ff   Thumb Code     0  startup_stm32f407xx.o(.text)
    ETH_IRQHandler                           0x080003ff   Thumb Code     0  startup_stm32f407xx.o(.text)
    ETH_WKUP_IRQHandler                      0x080003ff   Thumb Code     0  startup_stm32f407xx.o(.text)
    EXTI0_IRQHandler                         0x080003ff   Thumb Code     0  startup_stm32f407xx.o(.text)
    EXTI15_10_IRQHandler                     0x080003ff   Thumb Code     0  startup_stm32f407xx.o(.text)
    EXTI1_IRQHandler                         0x080003ff   Thumb Code     0  startup_stm32f407xx.o(.text)
    EXTI2_IRQHandler                         0x080003ff   Thumb Code     0  startup_stm32f407xx.o(.text)
    EXTI3_IRQHandler                         0x080003ff   Thumb Code     0  startup_stm32f407xx.o(.text)
    EXTI4_IRQHandler                         0x080003ff   Thumb Code     0  startup_stm32f407xx.o(.text)
    EXTI9_5_IRQHandler                       0x080003ff   Thumb Code     0  startup_stm32f407xx.o(.text)
    FLASH_IRQHandler                         0x080003ff   Thumb Code     0  startup_stm32f407xx.o(.text)
    FMC_IRQHandler                           0x080003ff   Thumb Code     0  startup_stm32f407xx.o(.text)
    FPU_IRQHandler                           0x080003ff   Thumb Code     0  startup_stm32f407xx.o(.text)
    HASH_RNG_IRQHandler                      0x080003ff   Thumb Code     0  startup_stm32f407xx.o(.text)
    I2C1_ER_IRQHandler                       0x080003ff   Thumb Code     0  startup_stm32f407xx.o(.text)
    I2C1_EV_IRQHandler                       0x080003ff   Thumb Code     0  startup_stm32f407xx.o(.text)
    I2C2_ER_IRQHandler                       0x080003ff   Thumb Code     0  startup_stm32f407xx.o(.text)
    I2C2_EV_IRQHandler                       0x080003ff   Thumb Code     0  startup_stm32f407xx.o(.text)
    I2C3_ER_IRQHandler                       0x080003ff   Thumb Code     0  startup_stm32f407xx.o(.text)
    I2C3_EV_IRQHandler                       0x080003ff   Thumb Code     0  startup_stm32f407xx.o(.text)
    OTG_FS_IRQHandler                        0x080003ff   Thumb Code     0  startup_stm32f407xx.o(.text)
    OTG_FS_WKUP_IRQHandler                   0x080003ff   Thumb Code     0  startup_stm32f407xx.o(.text)
    OTG_HS_EP1_IN_IRQHandler                 0x080003ff   Thumb Code     0  startup_stm32f407xx.o(.text)
    OTG_HS_EP1_OUT_IRQHandler                0x080003ff   Thumb Code     0  startup_stm32f407xx.o(.text)
    OTG_HS_IRQHandler                        0x080003ff   Thumb Code     0  startup_stm32f407xx.o(.text)
    OTG_HS_WKUP_IRQHandler                   0x080003ff   Thumb Code     0  startup_stm32f407xx.o(.text)
    PVD_IRQHandler                           0x080003ff   Thumb Code     0  startup_stm32f407xx.o(.text)
    RCC_IRQHandler                           0x080003ff   Thumb Code     0  startup_stm32f407xx.o(.text)
    RTC_Alarm_IRQHandler                     0x080003ff   Thumb Code     0  startup_stm32f407xx.o(.text)
    RTC_WKUP_IRQHandler                      0x080003ff   Thumb Code     0  startup_stm32f407xx.o(.text)
    SDIO_IRQHandler                          0x080003ff   Thumb Code     0  startup_stm32f407xx.o(.text)
    SPI1_IRQHandler                          0x080003ff   Thumb Code     0  startup_stm32f407xx.o(.text)
    SPI2_IRQHandler                          0x080003ff   Thumb Code     0  startup_stm32f407xx.o(.text)
    SPI3_IRQHandler                          0x080003ff   Thumb Code     0  startup_stm32f407xx.o(.text)
    TAMP_STAMP_IRQHandler                    0x080003ff   Thumb Code     0  startup_stm32f407xx.o(.text)
    TIM1_BRK_TIM9_IRQHandler                 0x080003ff   Thumb Code     0  startup_stm32f407xx.o(.text)
    TIM1_CC_IRQHandler                       0x080003ff   Thumb Code     0  startup_stm32f407xx.o(.text)
    TIM1_TRG_COM_TIM11_IRQHandler            0x080003ff   Thumb Code     0  startup_stm32f407xx.o(.text)
    TIM1_UP_TIM10_IRQHandler                 0x080003ff   Thumb Code     0  startup_stm32f407xx.o(.text)
    TIM2_IRQHandler                          0x080003ff   Thumb Code     0  startup_stm32f407xx.o(.text)
    TIM3_IRQHandler                          0x080003ff   Thumb Code     0  startup_stm32f407xx.o(.text)
    TIM4_IRQHandler                          0x080003ff   Thumb Code     0  startup_stm32f407xx.o(.text)
    TIM5_IRQHandler                          0x080003ff   Thumb Code     0  startup_stm32f407xx.o(.text)
    TIM6_DAC_IRQHandler                      0x080003ff   Thumb Code     0  startup_stm32f407xx.o(.text)
    TIM7_IRQHandler                          0x080003ff   Thumb Code     0  startup_stm32f407xx.o(.text)
    TIM8_BRK_TIM12_IRQHandler                0x080003ff   Thumb Code     0  startup_stm32f407xx.o(.text)
    TIM8_CC_IRQHandler                       0x080003ff   Thumb Code     0  startup_stm32f407xx.o(.text)
    TIM8_TRG_COM_TIM14_IRQHandler            0x080003ff   Thumb Code     0  startup_stm32f407xx.o(.text)
    TIM8_UP_TIM13_IRQHandler                 0x080003ff   Thumb Code     0  startup_stm32f407xx.o(.text)
    UART4_IRQHandler                         0x080003ff   Thumb Code     0  startup_stm32f407xx.o(.text)
    UART5_IRQHandler                         0x080003ff   Thumb Code     0  startup_stm32f407xx.o(.text)
    USART1_IRQHandler                        0x080003ff   Thumb Code     0  startup_stm32f407xx.o(.text)
    USART2_IRQHandler                        0x080003ff   Thumb Code     0  startup_stm32f407xx.o(.text)
    USART3_IRQHandler                        0x080003ff   Thumb Code     0  startup_stm32f407xx.o(.text)
    USART6_IRQHandler                        0x080003ff   Thumb Code     0  startup_stm32f407xx.o(.text)
    WWDG_IRQHandler                          0x080003ff   Thumb Code     0  startup_stm32f407xx.o(.text)
    __user_initial_stackheap                 0x08000401   Thumb Code     0  startup_stm32f407xx.o(.text)
    __user_libspace                          0x08000425   Thumb Code     8  libspace.o(.text)
    __user_perproc_libspace                  0x08000425   Thumb Code     0  libspace.o(.text)
    exit                                     0x0800042d   Thumb Code    18  exit.o(.text)
    __use_two_region_memory                  0x0800043f   Thumb Code     2  heapauxi.o(.text)
    __rt_heap_escrow$2region                 0x08000441   Thumb Code     2  heapauxi.o(.text)
    __rt_heap_expand$2region                 0x08000443   Thumb Code     2  heapauxi.o(.text)
    _sys_exit                                0x08000445   Thumb Code     8  sys_exit.o(.text)
    __user_setup_stackheap                   0x08000451   Thumb Code    74  sys_stackheap_outer.o(.text)
    __I$use$semihosting                      0x0800049b   Thumb Code     0  use_no_semi.o(.text)
    __use_no_semihosting_swi                 0x0800049b   Thumb Code     2  use_no_semi.o(.text)
    SVC_Count                                0x0800049c   Data           4  svc_table.o(SVC_TABLE)
    __semihosting_library_function           0x0800049d   Thumb Code     0  indicate_semi.o(.text)
    HAL_Delay                                0x080004a1   Thumb Code    26  stm32f4xx_hal.o(i.HAL_Delay)
    SVC_Table                                0x080004a0   Data           0  svc_table.o(SVC_TABLE)
    HAL_GPIO_Init                            0x080004bd   Thumb Code   466  stm32f4xx_hal_gpio.o(i.HAL_GPIO_Init)
    HAL_GPIO_WritePin                        0x080006bd   Thumb Code    12  stm32f4xx_hal_gpio.o(i.HAL_GPIO_WritePin)
    HAL_GetTick                              0x080006c9   Thumb Code     6  main.o(i.HAL_GetTick)
    LED_Initialize                           0x080006d5   Thumb Code    68  led_f4discovery.o(i.LED_Initialize)
    LED_Off                                  0x08000721   Thumb Code    28  led_f4discovery.o(i.LED_Off)
    LED_On                                   0x08000741   Thumb Code    28  led_f4discovery.o(i.LED_On)
    SystemInit                               0x08000761   Thumb Code    82  system_stm32f4xx.o(i.SystemInit)
    TCBEntry                                 0x080007c5   Thumb Code    72  main.o(i.TCBEntry)
    _init_box                                0x08000815   Thumb Code    70  rt_membox.o(i._init_box)
    _mutex_acquire                           0x0800085d   Thumb Code    22  rtx_conf_cm.o(i._mutex_acquire)
    _mutex_release                           0x0800087d   Thumb Code    18  rtx_conf_cm.o(i._mutex_release)
    dbg_init                                 0x08000899   Thumb Code    34  hal_cm.o(i.dbg_init)
    dbg_task_notify                          0x080008c9   Thumb Code    32  hal_cm.o(i.dbg_task_notify)
    dbg_task_switch                          0x080008e9   Thumb Code    16  hal_cm.o(i.dbg_task_switch)
    findlcm                                  0x080008f9   Thumb Code    36  main.o(i.findlcm)
    isrMessageGet                            0x0800091d   Thumb Code    42  rt_cmsis.o(i.isrMessageGet)
    isrMessagePut                            0x08000947   Thumb Code    44  rt_cmsis.o(i.isrMessagePut)
    isr_mbx_receive                          0x08000975   Thumb Code    86  rt_mailbox.o(i.isr_mbx_receive)
    isr_mbx_send                             0x080009cb   Thumb Code    14  rt_mailbox.o(i.isr_mbx_send)
    led_Thread1                              0x080009d9   Thumb Code    46  main.o(i.led_Thread1)
    led_Thread2                              0x08000a07   Thumb Code    46  main.o(i.led_Thread2)
    main                                     0x08000a35   Thumb Code    46  main.o(i.main)
    osDelay                                  0x08000a7d   Thumb Code    18  rt_cmsis.o(i.osDelay)
    osKernelInitialize                       0x08000a95   Thumb Code    30  rt_cmsis.o(i.osKernelInitialize)
    osKernelStart                            0x08000ab9   Thumb Code    98  rt_cmsis.o(i.osKernelStart)
    osMessageGet                             0x08000b25   Thumb Code    18  rt_cmsis.o(i.osMessageGet)
    osPeriodicStart                          0x08000b3d   Thumb Code    44  main.o(i.osPeriodicStart)
    osThreadCreate                           0x08000b75   Thumb Code    36  rt_cmsis.o(i.osThreadCreate)
    osThreadExit                             0x08000ba1   Thumb Code    14  rt_cmsis.o(i.osThreadExit)
    osTimerCall                              0x08000bb9   Thumb Code     8  rt_cmsis.o(i.osTimerCall)
    osTimerThread                            0x08000bc5   Thumb Code    38  rt_cmsis.o(i.osTimerThread)
    os_error                                 0x08000bf1   Thumb Code    34  rtx_conf_cm.o(i.os_error)
    os_idle_demon                            0x08000c13   Thumb Code     4  rtx_conf_cm.o(i.os_idle_demon)
    os_tick_init                             0x08000c19   Thumb Code    32  rt_system.o(i.os_tick_init)
    os_tick_irqack                           0x08000c41   Thumb Code     2  rt_system.o(i.os_tick_irqack)
    osprThreadCreate                         0x08000c45   Thumb Code    26  main.o(i.osprThreadCreate)
    rt_alloc_box                             0x08000c65   Thumb Code    26  rt_membox.o(i.rt_alloc_box)
    rt_alloc_mem                             0x08000c7f   Thumb Code    62  rt_memory.o(i.rt_alloc_mem)
    rt_block                                 0x08000cbd   Thumb Code    48  rt_task.o(i.rt_block)
    rt_chk_robin                             0x08000cf5   Thumb Code     2  rtx_conf_cm.o(i.rt_chk_robin)
    rt_dec_dly                               0x08000cf9   Thumb Code   102  rt_list.o(i.rt_dec_dly)
    rt_dispatch                              0x08000d69   Thumb Code    60  rt_task.o(i.rt_dispatch)
    rt_dly_wait                              0x08000dad   Thumb Code     6  rt_time.o(i.rt_dly_wait)
    rt_evt_psh                               0x08000db5   Thumb Code    76  rt_event.o(i.rt_evt_psh)
    rt_free_box                              0x08000e05   Thumb Code    44  rt_membox.o(i.rt_free_box)
    rt_free_mem                              0x08000e31   Thumb Code    40  rt_memory.o(i.rt_free_mem)
    rt_get_first                             0x08000e59   Thumb Code    40  rt_list.o(i.rt_get_first)
    rt_init_mem                              0x08000ed1   Thumb Code    26  rt_memory.o(i.rt_init_mem)
    rt_init_robin                            0x08000eeb   Thumb Code     2  rtx_conf_cm.o(i.rt_init_robin)
    rt_init_stack                            0x08000eed   Thumb Code   118  hal_cm.o(i.rt_init_stack)
    rt_mbx_check                             0x08000f6d   Thumb Code     8  rt_mailbox.o(i.rt_mbx_check)
    rt_mbx_init                              0x08000f75   Thumb Code    26  rt_mailbox.o(i.rt_mbx_init)
    rt_mbx_psh                               0x08000f91   Thumb Code   236  rt_mailbox.o(i.rt_mbx_psh)
    rt_mbx_wait                              0x08001081   Thumb Code   174  rt_mailbox.o(i.rt_mbx_wait)
    rt_mut_release                           0x08001179   Thumb Code   208  rt_mutex.o(i.rt_mut_release)
    rt_mut_wait                              0x08001251   Thumb Code   114  rt_mutex.o(i.rt_mut_wait)
    rt_pop_req                               0x080012c9   Thumb Code   112  rt_system.o(i.rt_pop_req)
    rt_psh_req                               0x08001345   Thumb Code    22  rt_system.o(i.rt_psh_req)
    rt_psq_enq                               0x08001365   Thumb Code    88  rt_list.o(i.rt_psq_enq)
    rt_put_dly                               0x080013c1   Thumb Code    68  rt_list.o(i.rt_put_dly)
    rt_put_prio                              0x08001409   Thumb Code    54  rt_list.o(i.rt_put_prio)
    rt_put_rdy_first                         0x08001441   Thumb Code    14  rt_list.o(i.rt_put_rdy_first)
    rt_resort_prio                           0x08001455   Thumb Code    46  rt_list.o(i.rt_resort_prio)
    rt_ret_val                               0x08001499   Thumb Code    12  hal_cm.o(i.rt_ret_val)
    rt_ret_val2                              0x080014a5   Thumb Code    16  hal_cm.o(i.rt_ret_val2)
    rt_rmv_dly                               0x080014b5   Thumb Code    40  rt_list.o(i.rt_rmv_dly)
    rt_rmv_list                              0x080014dd   Thumb Code    44  rt_list.o(i.rt_rmv_list)
    rt_sem_psh                               0x0800150d   Thumb Code    48  rt_semaphore.o(i.rt_sem_psh)
    rt_stk_check                             0x08001541   Thumb Code    28  rt_system.o(i.rt_stk_check)
    rt_switch_req                            0x08001565   Thumb Code    30  rt_task.o(i.rt_switch_req)
    rt_sys_init                              0x0800158d   Thumb Code   138  rt_task.o(i.rt_sys_init)
    rt_sys_start                             0x08001659   Thumb Code   110  rt_task.o(i.rt_sys_start)
    rt_systick                               0x080016d1   Thumb Code    50  rt_system.o(i.rt_systick)
    rt_tsk_create                            0x08001759   Thumb Code   118  rt_task.o(i.rt_tsk_create)
    rt_tsk_delete                            0x080017e1   Thumb Code   352  rt_task.o(i.rt_tsk_delete)
    rt_tsk_prio                              0x0800195d   Thumb Code   108  rt_task.o(i.rt_tsk_prio)
    rt_tsk_self                              0x080019d9   Thumb Code    12  rt_task.o(i.rt_tsk_self)
    svcDelay                                 0x080019e9   Thumb Code    18  rt_cmsis.o(i.svcDelay)
    svcKernelInitialize                      0x080019fd   Thumb Code    80  rt_cmsis.o(i.svcKernelInitialize)
    svcKernelStart                           0x08001a6d   Thumb Code    62  rt_cmsis.o(i.svcKernelStart)
    svcMessageCreate                         0x08001ab5   Thumb Code    36  rt_cmsis.o(i.svcMessageCreate)
    svcMessageGet                            0x08001ad9   Thumb Code    58  rt_cmsis.o(i.svcMessageGet)
    svcThreadCreate                          0x08001b15   Thumb Code    96  rt_cmsis.o(i.svcThreadCreate)
    svcThreadGetId                           0x08001b81   Thumb Code    22  rt_cmsis.o(i.svcThreadGetId)
    svcThreadTerminate                       0x08001b9d   Thumb Code    50  rt_cmsis.o(i.svcThreadTerminate)
    svcTimerCall                             0x08001bd5   Thumb Code    24  rt_cmsis.o(i.svcTimerCall)
    sysTimerTick                             0x08001bed   Thumb Code    84  rt_cmsis.o(i.sysTimerTick)
    _fp_init                                 0x08001c49   Thumb Code    10  fpinit.o(x$fpl$fpinit)
    __fplib_config_fpu_vfp                   0x08001c51   Thumb Code     0  fpinit.o(x$fpl$fpinit)
    __fplib_config_pureend_doubles           0x08001c51   Thumb Code     0  fpinit.o(x$fpl$fpinit)
    os_thread_def_led_Thread1                0x08001c54   Data          16  main.o(.constdata)
    os_prThread_def_led_Thread1              0x08001c64   Data          16  main.o(.constdata)
    os_thread_def_led_Thread2                0x08001c74   Data          16  main.o(.constdata)
    os_prThread_def_led_Thread2              0x08001c84   Data          16  main.o(.constdata)
    os_maxtaskrun                            0x08001cb4   Data           2  rtx_conf_cm.o(.constdata)
    os_stackinfo                             0x08001cb8   Data           4  rtx_conf_cm.o(.constdata)
    os_rrobin                                0x08001cbc   Data           4  rtx_conf_cm.o(.constdata)
    os_tickfreq                              0x08001cc0   Data           4  rtx_conf_cm.o(.constdata)
    os_tickus_i                              0x08001cc4   Data           2  rtx_conf_cm.o(.constdata)
    os_tickus_f                              0x08001cc6   Data           2  rtx_conf_cm.o(.constdata)
    os_trv                                   0x08001cc8   Data           4  rtx_conf_cm.o(.constdata)
    os_flags                                 0x08001ccc   Data           1  rtx_conf_cm.o(.constdata)
    CMSIS_RTOS_API_Version                   0x08001cd0   Data           4  rtx_conf_cm.o(.constdata)
    CMSIS_RTOS_RTX_Version                   0x08001cd4   Data           4  rtx_conf_cm.o(.constdata)
    os_clockrate                             0x08001cd8   Data           4  rtx_conf_cm.o(.constdata)
    os_timernum                              0x08001cdc   Data           4  rtx_conf_cm.o(.constdata)
    mp_tcb_size                              0x08001ce0   Data           2  rtx_conf_cm.o(.constdata)
    mp_stk_size                              0x08001ce4   Data           4  rtx_conf_cm.o(.constdata)
    os_stack_sz                              0x08001ce8   Data           4  rtx_conf_cm.o(.constdata)
    os_fifo_size                             0x08001cec   Data           1  rtx_conf_cm.o(.constdata)
    os_thread_def_osTimerThread              0x08001cf0   Data          16  rtx_conf_cm.o(.constdata)
    os_messageQ_def_osTimerMessageQ          0x08001d00   Data           8  rtx_conf_cm.o(.constdata)
    mp_tmr_size                              0x08001d08   Data           2  rtx_conf_cm.o(.constdata)
    os_thread_def_main                       0x08001d0c   Data          16  rtx_conf_cm.o(.constdata)
    Region$$Table$$Base                      0x08001d1c   Number         0  anon$$obj.o(Region$$Table)
    Region$$Table$$Limit                     0x08001d3c   Number         0  anon$$obj.o(Region$$Table)
    thread_count                             0x20000000   Data           4  main.o(.data)
    hyperperiod                              0x20000004   Data           4  main.o(.data)
    T_ledOn                                  0x20000008   Data           4  main.o(.data)
    T_ledOff                                 0x2000000c   Data           4  main.o(.data)
    osThreadId_osTimerThread                 0x20000010   Data           4  rtx_conf_cm.o(.data)
    osMessageQId_osTimerMessageQ             0x20000014   Data           4  rtx_conf_cm.o(.data)
    os_tmr                                   0x20000018   Data           4  rtx_conf_cm.o(.data)
    m_tmr                                    0x2000001c   Data           4  rtx_conf_cm.o(.data)
    os_initialized                           0x20000024   Data           1  rt_cmsis.o(.data)
    os_running                               0x20000025   Data           1  rt_cmsis.o(.data)
    os_timer_head                            0x20000028   Data           4  rt_cmsis.o(.data)
    os_tsk                                   0x2000002c   Data           8  rt_task.o(.data)
    os_time                                  0x20000034   Data           4  rt_time.o(.data)
    os_tick_irqn                             0x2000003c   Data           4  rt_system.o(.data)
    dbg_msg                                  0x20000040   Data           1  hal_cm.o(.data)
    TCB_task                                 0x20000044   Data          20  main.o(.bss)
    mp_tcb                                   0x20000058   Data         376  rtx_conf_cm.o(.bss)
    mp_stk                                   0x200001d0   Data        1216  rtx_conf_cm.o(.bss)
    os_stack_mem                             0x20000690   Data         432  rtx_conf_cm.o(.bss)
    os_fifo                                  0x20000840   Data         132  rtx_conf_cm.o(.bss)
    os_active_TCB                            0x200008c4   Data          28  rtx_conf_cm.o(.bss)
    os_messageQ_q_osTimerMessageQ            0x200008e0   Data          32  rtx_conf_cm.o(.bss)
    os_idle_TCB                              0x20000c20   Data          52  rt_task.o(.bss)
    os_rdy                                   0x20000c54   Data          24  rt_list.o(.bss)
    os_dly                                   0x20000c6c   Data          24  rt_list.o(.bss)
    __libspace_start                         0x20000c84   Data          96  libspace.o(.bss)
    __temporary_stack_top$libspace           0x20000ce4   Data           0  libspace.o(.bss)



==============================================================================

Memory Map of the image

  Image Entry point : 0x080003e5

  Load Region LR_1 (Base: 0x08000000, Size: 0x00001d80, Max: 0xffffffff, ABSOLUTE)

    Execution Region ER_RO (Base: 0x08000000, Size: 0x00001d3c, Max: 0xffffffff, ABSOLUTE)

    Base Addr    Size         Type   Attr      Idx    E Section Name        Object

    0x08000000   0x00000188   Data   RO          949    RESET               startup_stm32f407xx.o
    0x08000188   0x00000008   Code   RO         2215  * !!!main             c_w.l(__main.o)
    0x08000190   0x00000034   Code   RO         2376    !!!scatter          c_w.l(__scatter.o)
    0x080001c4   0x0000001a   Code   RO         2378    !!handler_copy      c_w.l(__scatter_copy.o)
    0x080001de   0x00000002   PAD
    0x080001e0   0x0000001c   Code   RO         2380    !!handler_zi        c_w.l(__scatter_zi.o)
    0x080001fc   0x00000002   Code   RO         2262    .ARM.Collect$$libinit$$00000000  c_w.l(libinit.o)
    0x080001fe   0x00000004   Code   RO         2273    .ARM.Collect$$libinit$$00000001  c_w.l(libinit2.o)
    0x08000202   0x00000000   Code   RO         2276    .ARM.Collect$$libinit$$00000004  c_w.l(libinit2.o)
    0x08000202   0x00000000   Code   RO         2279    .ARM.Collect$$libinit$$0000000A  c_w.l(libinit2.o)
    0x08000202   0x00000000   Code   RO         2281    .ARM.Collect$$libinit$$0000000C  c_w.l(libinit2.o)
    0x08000202   0x00000000   Code   RO         2283    .ARM.Collect$$libinit$$0000000E  c_w.l(libinit2.o)
    0x08000202   0x00000000   Code   RO         2286    .ARM.Collect$$libinit$$00000011  c_w.l(libinit2.o)
    0x08000202   0x00000000   Code   RO         2288    .ARM.Collect$$libinit$$00000013  c_w.l(libinit2.o)
    0x08000202   0x00000000   Code   RO         2290    .ARM.Collect$$libinit$$00000015  c_w.l(libinit2.o)
    0x08000202   0x00000000   Code   RO         2292    .ARM.Collect$$libinit$$00000017  c_w.l(libinit2.o)
    0x08000202   0x00000000   Code   RO         2294    .ARM.Collect$$libinit$$00000019  c_w.l(libinit2.o)
    0x08000202   0x00000000   Code   RO         2296    .ARM.Collect$$libinit$$0000001B  c_w.l(libinit2.o)
    0x08000202   0x00000000   Code   RO         2298    .ARM.Collect$$libinit$$0000001D  c_w.l(libinit2.o)
    0x08000202   0x00000000   Code   RO         2300    .ARM.Collect$$libinit$$0000001F  c_w.l(libinit2.o)
    0x08000202   0x00000000   Code   RO         2302    .ARM.Collect$$libinit$$00000021  c_w.l(libinit2.o)
    0x08000202   0x00000000   Code   RO         2304    .ARM.Collect$$libinit$$00000023  c_w.l(libinit2.o)
    0x08000202   0x00000000   Code   RO         2306    .ARM.Collect$$libinit$$00000025  c_w.l(libinit2.o)
    0x08000202   0x00000000   Code   RO         2310    .ARM.Collect$$libinit$$0000002C  c_w.l(libinit2.o)
    0x08000202   0x00000000   Code   RO         2312    .ARM.Collect$$libinit$$0000002E  c_w.l(libinit2.o)
    0x08000202   0x00000000   Code   RO         2314    .ARM.Collect$$libinit$$00000030  c_w.l(libinit2.o)
    0x08000202   0x00000000   Code   RO         2316    .ARM.Collect$$libinit$$00000032  c_w.l(libinit2.o)
    0x08000202   0x00000002   Code   RO         2317    .ARM.Collect$$libinit$$00000033  c_w.l(libinit2.o)
    0x08000204   0x00000002   Code   RO         2263    .ARM.Collect$$libshutdown$$00000000  c_w.l(libshutdown.o)
    0x08000206   0x00000000   Code   RO         2319    .ARM.Collect$$libshutdown$$00000002  c_w.l(libshutdown2.o)
    0x08000206   0x00000000   Code   RO         2321    .ARM.Collect$$libshutdown$$00000004  c_w.l(libshutdown2.o)
    0x08000206   0x00000000   Code   RO         2324    .ARM.Collect$$libshutdown$$00000007  c_w.l(libshutdown2.o)
    0x08000206   0x00000000   Code   RO         2327    .ARM.Collect$$libshutdown$$0000000A  c_w.l(libshutdown2.o)
    0x08000206   0x00000000   Code   RO         2329    .ARM.Collect$$libshutdown$$0000000C  c_w.l(libshutdown2.o)
    0x08000206   0x00000000   Code   RO         2332    .ARM.Collect$$libshutdown$$0000000F  c_w.l(libshutdown2.o)
    0x08000206   0x00000002   Code   RO         2333    .ARM.Collect$$libshutdown$$00000010  c_w.l(libshutdown2.o)
    0x08000208   0x00000000   Code   RO         2217    .ARM.Collect$$rtentry$$00000000  c_w.l(__rtentry.o)
    0x08000208   0x00000000   Code   RO         2225    .ARM.Collect$$rtentry$$00000002  c_w.l(__rtentry2.o)
    0x08000208   0x00000006   Code   RO         2237    .ARM.Collect$$rtentry$$00000004  c_w.l(__rtentry4.o)
    0x0800020e   0x00000000   Code   RO         2227    .ARM.Collect$$rtentry$$00000009  c_w.l(__rtentry2.o)
    0x0800020e   0x00000004   Code   RO         2228    .ARM.Collect$$rtentry$$0000000A  c_w.l(__rtentry2.o)
    0x08000212   0x00000008   Code   RO         2229    .ARM.Collect$$rtentry$$0000000B  c_w.l(__rtentry2.o)
    0x0800021a   0x00000008   Code   RO         2231    .ARM.Collect$$rtentry$$0000000D  c_w.l(__rtentry2.o)
    0x08000222   0x00000002   Code   RO         2218    .ARM.Collect$$rtexit$$00000000  c_w.l(rtexit.o)
    0x08000224   0x00000000   Code   RO         2240    .ARM.Collect$$rtexit$$00000002  c_w.l(rtexit2.o)
    0x08000224   0x00000004   Code   RO         2241    .ARM.Collect$$rtexit$$00000003  c_w.l(rtexit2.o)
    0x08000228   0x00000006   Code   RO         2242    .ARM.Collect$$rtexit$$00000004  c_w.l(rtexit2.o)
    0x0800022e   0x00000002   PAD
    0x08000230   0x0000001c   Code   RO          221    .emb_text           rtx_conf_cm.o
    0x0800024c   0x00000198   Code   RO         2170    .emb_text           RTX_CM4.lib(hal_cm4.o)
    0x080003e4   0x00000040   Code   RO          950  * .text               startup_stm32f407xx.o
    0x08000424   0x00000008   Code   RO         2206    .text               c_w.l(libspace.o)
    0x0800042c   0x00000012   Code   RO         2211    .text               c_w.l(exit.o)
    0x0800043e   0x00000006   Code   RO         2213    .text               c_w.l(heapauxi.o)
    0x08000444   0x0000000c   Code   RO         2248    .text               c_w.l(sys_exit.o)
    0x08000450   0x0000004a   Code   RO         2250    .text               c_w.l(sys_stackheap_outer.o)
    0x0800049a   0x00000002   Code   RO         2264    .text               c_w.l(use_no_semi.o)
    0x0800049c   0x00000000   Code   RO         2266    .text               c_w.l(indicate_semi.o)
    0x0800049c   0x00000004   Code   RO         2201    SVC_TABLE           RTX_CM4.lib(svc_table.o)
    0x080004a0   0x0000001a   Code   RO          301    i.HAL_Delay         stm32f4xx_hal.o
    0x080004ba   0x00000002   PAD
    0x080004bc   0x00000200   Code   RO          572    i.HAL_GPIO_Init     stm32f4xx_hal_gpio.o
    0x080006bc   0x0000000c   Code   RO          576    i.HAL_GPIO_WritePin  stm32f4xx_hal_gpio.o
    0x080006c8   0x0000000c   Code   RO            4    i.HAL_GetTick       main.o
    0x080006d4   0x0000004c   Code   RO          162    i.LED_Initialize    led_f4discovery.o
    0x08000720   0x00000020   Code   RO          163    i.LED_Off           led_f4discovery.o
    0x08000740   0x00000020   Code   RO          164    i.LED_On            led_f4discovery.o
    0x08000760   0x00000064   Code   RO          958    i.SystemInit        system_stm32f4xx.o
    0x080007c4   0x00000050   Code   RO            5    i.TCBEntry          main.o
    0x08000814   0x00000046   Code   RO         2064    i._init_box         RTX_CM4.lib(rt_membox.o)
    0x0800085a   0x00000002   PAD
    0x0800085c   0x00000020   Code   RO          223    i._mutex_acquire    rtx_conf_cm.o
    0x0800087c   0x0000001c   Code   RO          225    i._mutex_release    rtx_conf_cm.o
    0x08000898   0x00000030   Code   RO         2117    i.dbg_init          RTX_CM4.lib(hal_cm.o)
    0x080008c8   0x00000020   Code   RO         2118    i.dbg_task_notify   RTX_CM4.lib(hal_cm.o)
    0x080008e8   0x00000010   Code   RO         2119    i.dbg_task_switch   RTX_CM4.lib(hal_cm.o)
    0x080008f8   0x00000024   Code   RO            6    i.findlcm           main.o
    0x0800091c   0x0000002a   Code   RO          994    i.isrMessageGet     RTX_CM4.lib(rt_cmsis.o)
    0x08000946   0x0000002c   Code   RO          995    i.isrMessagePut     RTX_CM4.lib(rt_cmsis.o)
    0x08000972   0x00000002   PAD
    0x08000974   0x00000056   Code   RO         1973    i.isr_mbx_receive   RTX_CM4.lib(rt_mailbox.o)
    0x080009ca   0x0000000e   Code   RO         1974    i.isr_mbx_send      RTX_CM4.lib(rt_mailbox.o)
    0x080009d8   0x0000002e   Code   RO            7    i.led_Thread1       main.o
    0x08000a06   0x0000002e   Code   RO            8    i.led_Thread2       main.o
    0x08000a34   0x00000048   Code   RO            9    i.main              main.o
    0x08000a7c   0x00000018   Code   RO          998    i.osDelay           RTX_CM4.lib(rt_cmsis.o)
    0x08000a94   0x00000024   Code   RO          999    i.osKernelInitialize  RTX_CM4.lib(rt_cmsis.o)
    0x08000ab8   0x0000006c   Code   RO         1001    i.osKernelStart     RTX_CM4.lib(rt_cmsis.o)
    0x08000b24   0x00000018   Code   RO         1010    i.osMessageGet      RTX_CM4.lib(rt_cmsis.o)
    0x08000b3c   0x00000038   Code   RO           10    i.osPeriodicStart   main.o
    0x08000b74   0x0000002c   Code   RO         1027    i.osThreadCreate    RTX_CM4.lib(rt_cmsis.o)
    0x08000ba0   0x00000018   Code   RO         1028    i.osThreadExit      RTX_CM4.lib(rt_cmsis.o)
    0x08000bb8   0x0000000c   Code   RO         1034    i.osTimerCall       RTX_CM4.lib(rt_cmsis.o)
    0x08000bc4   0x0000002c   Code   RO         1039    i.osTimerThread     RTX_CM4.lib(rt_cmsis.o)
    0x08000bf0   0x00000022   Code   RO          226    i.os_error          rtx_conf_cm.o
    0x08000c12   0x00000004   Code   RO          227    i.os_idle_demon     rtx_conf_cm.o
    0x08000c16   0x00000002   PAD
    0x08000c18   0x00000028   Code   RO         1765    i.os_tick_init      RTX_CM4.lib(rt_system.o)
    0x08000c40   0x00000002   Code   RO         1766    i.os_tick_irqack    RTX_CM4.lib(rt_system.o)
    0x08000c42   0x00000002   PAD
    0x08000c44   0x00000020   Code   RO           11    i.osprThreadCreate  main.o
    0x08000c64   0x0000001a   Code   RO         2065    i.rt_alloc_box      RTX_CM4.lib(rt_membox.o)
    0x08000c7e   0x0000003e   Code   RO         2093    i.rt_alloc_mem      RTX_CM4.lib(rt_memory.o)
    0x08000cbc   0x00000038   Code   RO         1613    i.rt_block          RTX_CM4.lib(rt_task.o)
    0x08000cf4   0x00000002   Code   RO          228    i.rt_chk_robin      rtx_conf_cm.o
    0x08000cf6   0x00000002   PAD
    0x08000cf8   0x00000070   Code   RO         1897    i.rt_dec_dly        RTX_CM4.lib(rt_list.o)
    0x08000d68   0x00000044   Code   RO         1614    i.rt_dispatch       RTX_CM4.lib(rt_task.o)
    0x08000dac   0x00000006   Code   RO         1697    i.rt_dly_wait       RTX_CM4.lib(rt_time.o)
    0x08000db2   0x00000002   PAD
    0x08000db4   0x00000050   Code   RO         1858    i.rt_evt_psh        RTX_CM4.lib(rt_event.o)
    0x08000e04   0x0000002c   Code   RO         2066    i.rt_free_box       RTX_CM4.lib(rt_membox.o)
    0x08000e30   0x00000028   Code   RO         2094    i.rt_free_mem       RTX_CM4.lib(rt_memory.o)
    0x08000e58   0x00000028   Code   RO         1898    i.rt_get_first      RTX_CM4.lib(rt_list.o)
    0x08000e80   0x00000008   Code   RO         1044    i.rt_id2obj         RTX_CM4.lib(rt_cmsis.o)
    0x08000e88   0x00000048   Code   RO         1615    i.rt_init_context   RTX_CM4.lib(rt_task.o)
    0x08000ed0   0x0000001a   Code   RO         2095    i.rt_init_mem       RTX_CM4.lib(rt_memory.o)
    0x08000eea   0x00000002   Code   RO          229    i.rt_init_robin     rtx_conf_cm.o
    0x08000eec   0x00000080   Code   RO         2120    i.rt_init_stack     RTX_CM4.lib(hal_cm.o)
    0x08000f6c   0x00000008   Code   RO         1975    i.rt_mbx_check      RTX_CM4.lib(rt_mailbox.o)
    0x08000f74   0x0000001a   Code   RO         1976    i.rt_mbx_init       RTX_CM4.lib(rt_mailbox.o)
    0x08000f8e   0x00000002   PAD
    0x08000f90   0x000000f0   Code   RO         1977    i.rt_mbx_psh        RTX_CM4.lib(rt_mailbox.o)
    0x08001080   0x000000b4   Code   RO         1979    i.rt_mbx_wait       RTX_CM4.lib(rt_mailbox.o)
    0x08001134   0x00000044   Code   RO         1045    i.rt_ms2tick        RTX_CM4.lib(rt_cmsis.o)
    0x08001178   0x000000d8   Code   RO         1732    i.rt_mut_release    RTX_CM4.lib(rt_mutex.o)
    0x08001250   0x00000078   Code   RO         1733    i.rt_mut_wait       RTX_CM4.lib(rt_mutex.o)
    0x080012c8   0x0000007c   Code   RO         1769    i.rt_pop_req        RTX_CM4.lib(rt_system.o)
    0x08001344   0x00000020   Code   RO         1770    i.rt_psh_req        RTX_CM4.lib(rt_system.o)
    0x08001364   0x0000005c   Code   RO         1900    i.rt_psq_enq        RTX_CM4.lib(rt_list.o)
    0x080013c0   0x00000048   Code   RO         1901    i.rt_put_dly        RTX_CM4.lib(rt_list.o)
    0x08001408   0x00000036   Code   RO         1902    i.rt_put_prio       RTX_CM4.lib(rt_list.o)
    0x0800143e   0x00000002   PAD
    0x08001440   0x00000014   Code   RO         1903    i.rt_put_rdy_first  RTX_CM4.lib(rt_list.o)
    0x08001454   0x00000034   Code   RO         1904    i.rt_resort_prio    RTX_CM4.lib(rt_list.o)
    0x08001488   0x00000010   Code   RO         2121    i.rt_ret_regs       RTX_CM4.lib(hal_cm.o)
    0x08001498   0x0000000c   Code   RO         2122    i.rt_ret_val        RTX_CM4.lib(hal_cm.o)
    0x080014a4   0x00000010   Code   RO         2123    i.rt_ret_val2       RTX_CM4.lib(hal_cm.o)
    0x080014b4   0x00000028   Code   RO         1905    i.rt_rmv_dly        RTX_CM4.lib(rt_list.o)
    0x080014dc   0x00000030   Code   RO         1906    i.rt_rmv_list       RTX_CM4.lib(rt_list.o)
    0x0800150c   0x00000034   Code   RO         2024    i.rt_sem_psh        RTX_CM4.lib(rt_semaphore.o)
    0x08001540   0x00000024   Code   RO         1772    i.rt_stk_check      RTX_CM4.lib(rt_system.o)
    0x08001564   0x00000028   Code   RO         1616    i.rt_switch_req     RTX_CM4.lib(rt_task.o)
    0x0800158c   0x000000cc   Code   RO         1617    i.rt_sys_init       RTX_CM4.lib(rt_task.o)
    0x08001658   0x00000078   Code   RO         1618    i.rt_sys_start      RTX_CM4.lib(rt_task.o)
    0x080016d0   0x00000040   Code   RO         1774    i.rt_systick        RTX_CM4.lib(rt_system.o)
    0x08001710   0x00000012   Code   RO         1046    i.rt_tid2ptcb       RTX_CM4.lib(rt_cmsis.o)
    0x08001722   0x00000002   PAD
    0x08001724   0x00000034   Code   RO         1047    i.rt_timer_insert   RTX_CM4.lib(rt_cmsis.o)
    0x08001758   0x00000088   Code   RO         1619    i.rt_tsk_create     RTX_CM4.lib(rt_task.o)
    0x080017e0   0x0000017c   Code   RO         1620    i.rt_tsk_delete     RTX_CM4.lib(rt_task.o)
    0x0800195c   0x0000007c   Code   RO         1622    i.rt_tsk_prio       RTX_CM4.lib(rt_task.o)
    0x080019d8   0x00000010   Code   RO         1623    i.rt_tsk_self       RTX_CM4.lib(rt_task.o)
    0x080019e8   0x00000012   Code   RO         1049    i.svcDelay          RTX_CM4.lib(rt_cmsis.o)
    0x080019fa   0x00000002   PAD
    0x080019fc   0x00000070   Code   RO         1050    i.svcKernelInitialize  RTX_CM4.lib(rt_cmsis.o)
    0x08001a6c   0x00000048   Code   RO         1052    i.svcKernelStart    RTX_CM4.lib(rt_cmsis.o)
    0x08001ab4   0x00000024   Code   RO         1055    i.svcMessageCreate  RTX_CM4.lib(rt_cmsis.o)
    0x08001ad8   0x0000003a   Code   RO         1056    i.svcMessageGet     RTX_CM4.lib(rt_cmsis.o)
    0x08001b12   0x00000002   PAD
    0x08001b14   0x0000006c   Code   RO         1070    i.svcThreadCreate   RTX_CM4.lib(rt_cmsis.o)
    0x08001b80   0x0000001c   Code   RO         1071    i.svcThreadGetId    RTX_CM4.lib(rt_cmsis.o)
    0x08001b9c   0x00000038   Code   RO         1074    i.svcThreadTerminate  RTX_CM4.lib(rt_cmsis.o)
    0x08001bd4   0x00000018   Code   RO         1076    i.svcTimerCall      RTX_CM4.lib(rt_cmsis.o)
    0x08001bec   0x0000005c   Code   RO         1085    i.sysTimerTick      RTX_CM4.lib(rt_cmsis.o)
    0x08001c48   0x0000000a   Code   RO         2340    x$fpl$fpinit        fz_wm.l(fpinit.o)
    0x08001c52   0x00000002   PAD
    0x08001c54   0x00000040   Data   RO           13    .constdata          main.o
    0x08001c94   0x00000020   Data   RO          167    .constdata          led_f4discovery.o
    0x08001cb4   0x00000068   Data   RO          231    .constdata          rtx_conf_cm.o
    0x08001d1c   0x00000020   Data   RO         2374    Region$$Table       anon$$obj.o


    Execution Region ER_RW (Base: 0x20000000, Size: 0x00000044, Max: 0xffffffff, ABSOLUTE)

    Base Addr    Size         Type   Attr      Idx    E Section Name        Object

    0x20000000   0x00000010   Data   RW           14    .data               main.o
    0x20000010   0x00000014   Data   RW          232    .data               rtx_conf_cm.o
    0x20000024   0x00000008   Data   RW         1088    .data               RTX_CM4.lib(rt_cmsis.o)
    0x2000002c   0x00000008   Data   RW         1625    .data               RTX_CM4.lib(rt_task.o)
    0x20000034   0x00000004   Data   RW         1701    .data               RTX_CM4.lib(rt_time.o)
    0x20000038   0x00000008   Data   RW         1777    .data               RTX_CM4.lib(rt_system.o)
    0x20000040   0x00000001   Data   RW         2124    .data               RTX_CM4.lib(hal_cm.o)


    Execution Region ER_ZI (Base: 0x20000044, Size: 0x000012a4, Max: 0xffffffff, ABSOLUTE)

    Base Addr    Size         Type   Attr      Idx    E Section Name        Object

    0x20000044   0x00000014   Zero   RW           12    .bss                main.o
    0x20000058   0x00000bc8   Zero   RW          230    .bss                rtx_conf_cm.o
    0x20000c20   0x00000034   Zero   RW         1624    .bss                RTX_CM4.lib(rt_task.o)
    0x20000c54   0x00000030   Zero   RW         1907    .bss                RTX_CM4.lib(rt_list.o)
    0x20000c84   0x00000060   Zero   RW         2207    .bss                c_w.l(libspace.o)
    0x20000ce4   0x00000004   PAD
    0x20000ce8   0x00000200   Zero   RW          948    HEAP                startup_stm32f407xx.o
    0x20000ee8   0x00000400   Zero   RW          947    STACK               startup_stm32f407xx.o


==============================================================================

Image component sizes


      Code (inc. data)   RO Data    RW Data    ZI Data      Debug   Object Name

       140         16         32          0          0       2900   led_f4discovery.o
       380         58         64         16         20     568876   main.o
       130         26        104         20       3016      10374   rtx_conf_cm.o
        64         26        392          0       1536        872   startup_stm32f407xx.o
        26          0          0          0          0       2044   stm32f4xx_hal.o
       524         46          0          0          0       2572   stm32f4xx_hal_gpio.o
       100         18          0          0          0        533   system_stm32f4xx.o

    ----------------------------------------------------------------------
      1370        190        624         36       4572     588171   Object Totals
         0          0         32          0          0          0   (incl. Generated)
         6          0          0          0          0          0   (incl. Padding)

    ----------------------------------------------------------------------

      Code (inc. data)   RO Data    RW Data    ZI Data      Debug   Library Member Name

       268         24          0          1          0       4524   hal_cm.o
       408         34          0          0          0        824   hal_cm4.o
      1152        144          0          8          0      35658   rt_cmsis.o
        80          4          0          0          0        709   rt_event.o
       530         34          0          0         48       8685   rt_list.o
       554         10          0          0          0       4237   rt_mailbox.o
       140          0          0          0          0       2069   rt_membox.o
       128          0          0          0          0       2451   rt_memory.o
       336         14          0          0          0       1739   rt_mutex.o
        52          4          0          0          0        621   rt_semaphore.o
       298         52          0          8          0       6511   rt_system.o
      1216        174          0          8         52      10129   rt_task.o
         6          0          0          4          0        700   rt_time.o
         4          4          0          0          0        208   svc_table.o
         8          0          0          0          0         68   __main.o
         0          0          0          0          0          0   __rtentry.o
        20          0          0          0          0          0   __rtentry2.o
         6          0          0          0          0          0   __rtentry4.o
        52          8          0          0          0          0   __scatter.o
        26          0          0          0          0          0   __scatter_copy.o
        28          0          0          0          0          0   __scatter_zi.o
        18          0          0          0          0         80   exit.o
         6          0          0          0          0        152   heapauxi.o
         0          0          0          0          0          0   indicate_semi.o
         2          0          0          0          0          0   libinit.o
         6          0          0          0          0          0   libinit2.o
         2          0          0          0          0          0   libshutdown.o
         2          0          0          0          0          0   libshutdown2.o
         8          4          0          0         96         68   libspace.o
         2          0          0          0          0          0   rtexit.o
        10          0          0          0          0          0   rtexit2.o
        12          4          0          0          0         68   sys_exit.o
        74          0          0          0          0         80   sys_stackheap_outer.o
         2          0          0          0          0         68   use_no_semi.o
        10          0          0          0          0        116   fpinit.o

    ----------------------------------------------------------------------
      5490        514          0         32        200      79765   Library Totals
        24          0          0          3          4          0   (incl. Padding)

    ----------------------------------------------------------------------

      Code (inc. data)   RO Data    RW Data    ZI Data      Debug   Library Name

      5172        498          0         29        100      79065   RTX_CM4.lib
       284         16          0          0         96        584   c_w.l
        10          0          0          0          0        116   fz_wm.l

    ----------------------------------------------------------------------
      5490        514          0         32        200      79765   Library Totals

    ----------------------------------------------------------------------

==============================================================================


      Code (inc. data)   RO Data    RW Data    ZI Data      Debug   

      6860        704        624         68       4772     659180   Grand Totals
      6860        704        624         68       4772     659180   ELF Image Totals
      6860        704        624         68          0          0   ROM Totals

==============================================================================

    Total RO  Size (Code + RO Data)                 7484 (   7.31kB)
    Total RW  Size (RW Data + ZI Data)              4840 (   4.73kB)
    Total ROM Size (Code + RO Data + RW Data)       7552 (   7.38kB)

==============================================================================

